Archive member included to satisfy reference by file (symbol)

c:/st/stm32cubeide_1.2.0/stm32cubeide/plugins/com.st.stm32cube.ide.mcu.externaltools.gnu-tools-for-stm32.7-2018-q2-update.win32_1.0.0.201904181610/tools/bin/../lib/gcc/arm-none-eabi/7.3.1/../../../../arm-none-eabi/lib/thumb/v7e-m/fpv4-sp/hard\libc_nano.a(lib_a-errno.o)
                              Core/Src/syscalls.o (__errno)
c:/st/stm32cubeide_1.2.0/stm32cubeide/plugins/com.st.stm32cube.ide.mcu.externaltools.gnu-tools-for-stm32.7-2018-q2-update.win32_1.0.0.201904181610/tools/bin/../lib/gcc/arm-none-eabi/7.3.1/../../../../arm-none-eabi/lib/thumb/v7e-m/fpv4-sp/hard\libc_nano.a(lib_a-exit.o)
                              c:/st/stm32cubeide_1.2.0/stm32cubeide/plugins/com.st.stm32cube.ide.mcu.externaltools.gnu-tools-for-stm32.7-2018-q2-update.win32_1.0.0.201904181610/tools/bin/../lib/gcc/arm-none-eabi/7.3.1/../../../../arm-none-eabi/lib/thumb/v7e-m/fpv4-sp/hard/crt0.o (exit)
c:/st/stm32cubeide_1.2.0/stm32cubeide/plugins/com.st.stm32cube.ide.mcu.externaltools.gnu-tools-for-stm32.7-2018-q2-update.win32_1.0.0.201904181610/tools/bin/../lib/gcc/arm-none-eabi/7.3.1/../../../../arm-none-eabi/lib/thumb/v7e-m/fpv4-sp/hard\libc_nano.a(lib_a-impure.o)
                              c:/st/stm32cubeide_1.2.0/stm32cubeide/plugins/com.st.stm32cube.ide.mcu.externaltools.gnu-tools-for-stm32.7-2018-q2-update.win32_1.0.0.201904181610/tools/bin/../lib/gcc/arm-none-eabi/7.3.1/../../../../arm-none-eabi/lib/thumb/v7e-m/fpv4-sp/hard\libc_nano.a(lib_a-exit.o) (_global_impure_ptr)
c:/st/stm32cubeide_1.2.0/stm32cubeide/plugins/com.st.stm32cube.ide.mcu.externaltools.gnu-tools-for-stm32.7-2018-q2-update.win32_1.0.0.201904181610/tools/bin/../lib/gcc/arm-none-eabi/7.3.1/../../../../arm-none-eabi/lib/thumb/v7e-m/fpv4-sp/hard\libc_nano.a(lib_a-init.o)
                              c:/st/stm32cubeide_1.2.0/stm32cubeide/plugins/com.st.stm32cube.ide.mcu.externaltools.gnu-tools-for-stm32.7-2018-q2-update.win32_1.0.0.201904181610/tools/bin/../lib/gcc/arm-none-eabi/7.3.1/../../../../arm-none-eabi/lib/thumb/v7e-m/fpv4-sp/hard/crt0.o (__libc_init_array)
c:/st/stm32cubeide_1.2.0/stm32cubeide/plugins/com.st.stm32cube.ide.mcu.externaltools.gnu-tools-for-stm32.7-2018-q2-update.win32_1.0.0.201904181610/tools/bin/../lib/gcc/arm-none-eabi/7.3.1/../../../../arm-none-eabi/lib/thumb/v7e-m/fpv4-sp/hard\libc_nano.a(lib_a-memset.o)
                              c:/st/stm32cubeide_1.2.0/stm32cubeide/plugins/com.st.stm32cube.ide.mcu.externaltools.gnu-tools-for-stm32.7-2018-q2-update.win32_1.0.0.201904181610/tools/bin/../lib/gcc/arm-none-eabi/7.3.1/../../../../arm-none-eabi/lib/thumb/v7e-m/fpv4-sp/hard/crt0.o (memset)
c:/st/stm32cubeide_1.2.0/stm32cubeide/plugins/com.st.stm32cube.ide.mcu.externaltools.gnu-tools-for-stm32.7-2018-q2-update.win32_1.0.0.201904181610/tools/bin/../lib/gcc/arm-none-eabi/7.3.1/../../../../arm-none-eabi/lib/thumb/v7e-m/fpv4-sp/hard\libc_nano.a(lib_a-printf.o)
                              Core/Src/main.o (printf)
c:/st/stm32cubeide_1.2.0/stm32cubeide/plugins/com.st.stm32cube.ide.mcu.externaltools.gnu-tools-for-stm32.7-2018-q2-update.win32_1.0.0.201904181610/tools/bin/../lib/gcc/arm-none-eabi/7.3.1/../../../../arm-none-eabi/lib/thumb/v7e-m/fpv4-sp/hard\libc_nano.a(lib_a-puts.o)
                              Core/Src/main.o (puts)
c:/st/stm32cubeide_1.2.0/stm32cubeide/plugins/com.st.stm32cube.ide.mcu.externaltools.gnu-tools-for-stm32.7-2018-q2-update.win32_1.0.0.201904181610/tools/bin/../lib/gcc/arm-none-eabi/7.3.1/../../../../arm-none-eabi/lib/thumb/v7e-m/fpv4-sp/hard\libc_nano.a(lib_a-wbuf.o)
                              c:/st/stm32cubeide_1.2.0/stm32cubeide/plugins/com.st.stm32cube.ide.mcu.externaltools.gnu-tools-for-stm32.7-2018-q2-update.win32_1.0.0.201904181610/tools/bin/../lib/gcc/arm-none-eabi/7.3.1/../../../../arm-none-eabi/lib/thumb/v7e-m/fpv4-sp/hard\libc_nano.a(lib_a-puts.o) (__swbuf_r)
c:/st/stm32cubeide_1.2.0/stm32cubeide/plugins/com.st.stm32cube.ide.mcu.externaltools.gnu-tools-for-stm32.7-2018-q2-update.win32_1.0.0.201904181610/tools/bin/../lib/gcc/arm-none-eabi/7.3.1/../../../../arm-none-eabi/lib/thumb/v7e-m/fpv4-sp/hard\libc_nano.a(lib_a-wsetup.o)
                              c:/st/stm32cubeide_1.2.0/stm32cubeide/plugins/com.st.stm32cube.ide.mcu.externaltools.gnu-tools-for-stm32.7-2018-q2-update.win32_1.0.0.201904181610/tools/bin/../lib/gcc/arm-none-eabi/7.3.1/../../../../arm-none-eabi/lib/thumb/v7e-m/fpv4-sp/hard\libc_nano.a(lib_a-puts.o) (__swsetup_r)
c:/st/stm32cubeide_1.2.0/stm32cubeide/plugins/com.st.stm32cube.ide.mcu.externaltools.gnu-tools-for-stm32.7-2018-q2-update.win32_1.0.0.201904181610/tools/bin/../lib/gcc/arm-none-eabi/7.3.1/../../../../arm-none-eabi/lib/thumb/v7e-m/fpv4-sp/hard\libc_nano.a(lib_a-fflush.o)
[...]
Memory Configuration

Name             Origin             Length             Attributes
RAM              0x0000000020000000 0x0000000000010000 xrw
FLASH            0x0000000008000000 0x0000000000040000 xr
*default*        0x0000000000000000 0xffffffffffffffff

Linker script and memory map

LOAD c:/st/stm32cubeide_1.2.0/stm32cubeide/plugins/com.st.stm32cube.ide.mcu.externaltools.gnu-tools-for-stm32.7-2018-q2-update.win32_1.0.0.201904181610/tools/bin/../lib/gcc/arm-none-eabi/7.3.1/thumb/v7e-m/fpv4-sp/hard/crti.o
LOAD c:/st/stm32cubeide_1.2.0/stm32cubeide/plugins/com.st.stm32cube.ide.mcu.externaltools.gnu-tools-for-stm32.7-2018-q2-update.win32_1.0.0.201904181610/tools/bin/../lib/gcc/arm-none-eabi/7.3.1/thumb/v7e-m/fpv4-sp/hard/crtbegin.o
LOAD c:/st/stm32cubeide_1.2.0/stm32cubeide/plugins/com.st.stm32cube.ide.mcu.externaltools.gnu-tools-for-stm32.7-2018-q2-update.win32_1.0.0.201904181610/tools/bin/../lib/gcc/arm-none-eabi/7.3.1/../../../../arm-none-eabi/lib/thumb/v7e-m/fpv4-sp/hard/crt0.o
LOAD Core/Src/fatfs_sd.o
LOAD Core/Src/main.o
LOAD Core/Src/stm32l4xx_hal_msp.o
LOAD Core/Src/stm32l4xx_it.o
LOAD Core/Src/syscalls.o
LOAD Core/Src/sysmem.o
LOAD Core/Src/system_stm32l4xx.o
LOAD Core/Startup/startup_stm32l433ccux.o
LOAD Drivers/STM32L4xx_HAL_Driver/Src/stm32l4xx_hal.o
LOAD Drivers/STM32L4xx_HAL_Driver/Src/stm32l4xx_hal_cortex.o
LOAD Drivers/STM32L4xx_HAL_Driver/Src/stm32l4xx_hal_dma.o
LOAD Drivers/STM32L4xx_HAL_Driver/Src/stm32l4xx_hal_dma_ex.o
LOAD Drivers/STM32L4xx_HAL_Driver/Src/stm32l4xx_hal_exti.o
LOAD Drivers/STM32L4xx_HAL_Driver/Src/stm32l4xx_hal_flash.o
LOAD Drivers/STM32L4xx_HAL_Driver/Src/stm32l4xx_hal_flash_ex.o
LOAD Drivers/STM32L4xx_HAL_Driver/Src/stm32l4xx_hal_flash_ramfunc.o
LOAD Drivers/STM32L4xx_HAL_Driver/Src/stm32l4xx_hal_gpio.o
LOAD Drivers/STM32L4xx_HAL_Driver/Src/stm32l4xx_hal_i2c.o
LOAD Drivers/STM32L4xx_HAL_Driver/Src/stm32l4xx_hal_i2c_ex.o
LOAD Drivers/STM32L4xx_HAL_Driver/Src/stm32l4xx_hal_pwr.o
LOAD Drivers/STM32L4xx_HAL_Driver/Src/stm32l4xx_hal_pwr_ex.o
LOAD Drivers/STM32L4xx_HAL_Driver/Src/stm32l4xx_hal_rcc.o
LOAD Drivers/STM32L4xx_HAL_Driver/Src/stm32l4xx_hal_rcc_ex.o
LOAD Drivers/STM32L4xx_HAL_Driver/Src/stm32l4xx_hal_spi.o
LOAD Drivers/STM32L4xx_HAL_Driver/Src/stm32l4xx_hal_spi_ex.o
LOAD Drivers/STM32L4xx_HAL_Driver/Src/stm32l4xx_hal_tim.o
LOAD Drivers/STM32L4xx_HAL_Driver/Src/stm32l4xx_hal_tim_ex.o
LOAD Drivers/STM32L4xx_HAL_Driver/Src/stm32l4xx_hal_uart.o
LOAD Drivers/STM32L4xx_HAL_Driver/Src/stm32l4xx_hal_uart_ex.o
LOAD FATFS/App/fatfs.o
LOAD FATFS/Target/user_diskio.o
LOAD Middlewares/Third_Party/FatFs/src/diskio.o
LOAD Middlewares/Third_Party/FatFs/src/ff.o
LOAD Middlewares/Third_Party/FatFs/src/ff_gen_drv.o
LOAD Middlewares/Third_Party/FatFs/src/option/ccsbcs.o
LOAD Middlewares/Third_Party/FatFs/src/option/syscall.o
START GROUP
LOAD c:/st/stm32cubeide_1.2.0/stm32cubeide/plugins/com.st.stm32cube.ide.mcu.externaltools.gnu-tools-for-stm32.7-2018-q2-update.win32_1.0.0.201904181610/tools/bin/../lib/gcc/arm-none-eabi/7.3.1/../../../../arm-none-eabi/lib/thumb/v7e-m/fpv4-sp/hard\libc_nano.a
LOAD c:/st/stm32cubeide_1.2.0/stm32cubeide/plugins/com.st.stm32cube.ide.mcu.externaltools.gnu-tools-for-stm32.7-2018-q2-update.win32_1.0.0.201904181610/tools/bin/../lib/gcc/arm-none-eabi/7.3.1/../../../../arm-none-eabi/lib/thumb/v7e-m/fpv4-sp/hard\libm.a
END GROUP
START GROUP
LOAD c:/st/stm32cubeide_1.2.0/stm32cubeide/plugins/com.st.stm32cube.ide.mcu.externaltools.gnu-tools-for-stm32.7-2018-q2-update.win32_1.0.0.201904181610/tools/bin/../lib/gcc/arm-none-eabi/7.3.1/thumb/v7e-m/fpv4-sp/hard\libgcc.a
LOAD c:/st/stm32cubeide_1.2.0/stm32cubeide/plugins/com.st.stm32cube.ide.mcu.externaltools.gnu-tools-for-stm32.7-2018-q2-update.win32_1.0.0.201904181610/tools/bin/../lib/gcc/arm-none-eabi/7.3.1/../../../../arm-none-eabi/lib/thumb/v7e-m/fpv4-sp/hard\libc_nano.a
END GROUP
START GROUP
LOAD c:/st/stm32cubeide_1.2.0/stm32cubeide/plugins/com.st.stm32cube.ide.mcu.externaltools.gnu-tools-for-stm32.7-2018-q2-update.win32_1.0.0.201904181610/tools/bin/../lib/gcc/arm-none-eabi/7.3.1/thumb/v7e-m/fpv4-sp/hard\libgcc.a
LOAD c:/st/stm32cubeide_1.2.0/stm32cubeide/plugins/com.st.stm32cube.ide.mcu.externaltools.gnu-tools-for-stm32.7-2018-q2-update.win32_1.0.0.201904181610/tools/bin/../lib/gcc/arm-none-eabi/7.3.1/../../../../arm-none-eabi/lib/thumb/v7e-m/fpv4-sp/hard\libc_nano.a
LOAD c:/st/stm32cubeide_1.2.0/stm32cubeide/plugins/com.st.stm32cube.ide.mcu.externaltools.gnu-tools-for-stm32.7-2018-q2-update.win32_1.0.0.201904181610/tools/bin/../lib/gcc/arm-none-eabi/7.3.1/../../../../arm-none-eabi/lib/thumb/v7e-m/fpv4-sp/hard\libnosys.a
END GROUP
START GROUP
LOAD c:/st/stm32cubeide_1.2.0/stm32cubeide/plugins/com.st.stm32cube.ide.mcu.externaltools.gnu-tools-for-stm32.7-2018-q2-update.win32_1.0.0.201904181610/tools/bin/../lib/gcc/arm-none-eabi/7.3.1/thumb/v7e-m/fpv4-sp/hard\libgcc.a
LOAD c:/st/stm32cubeide_1.2.0/stm32cubeide/plugins/com.st.stm32cube.ide.mcu.externaltools.gnu-tools-for-stm32.7-2018-q2-update.win32_1.0.0.201904181610/tools/bin/../lib/gcc/arm-none-eabi/7.3.1/../../../../arm-none-eabi/lib/thumb/v7e-m/fpv4-sp/hard\libc_nano.a
LOAD c:/st/stm32cubeide_1.2.0/stm32cubeide/plugins/com.st.stm32cube.ide.mcu.externaltools.gnu-tools-for-stm32.7-2018-q2-update.win32_1.0.0.201904181610/tools/bin/../lib/gcc/arm-none-eabi/7.3.1/../../../../arm-none-eabi/lib/thumb/v7e-m/fpv4-sp/hard\libnosys.a
END GROUP
LOAD c:/st/stm32cubeide_1.2.0/stm32cubeide/plugins/com.st.stm32cube.ide.mcu.externaltools.gnu-tools-for-stm32.7-2018-q2-update.win32_1.0.0.201904181610/tools/bin/../lib/gcc/arm-none-eabi/7.3.1/thumb/v7e-m/fpv4-sp/hard/crtend.o
LOAD c:/st/stm32cubeide_1.2.0/stm32cubeide/plugins/com.st.stm32cube.ide.mcu.externaltools.gnu-tools-for-stm32.7-2018-q2-update.win32_1.0.0.201904181610/tools/bin/../lib/gcc/arm-none-eabi/7.3.1/thumb/v7e-m/fpv4-sp/hard/crtn.o
                0x0000000020010000                _estack = (ORIGIN (RAM) + LENGTH (RAM))
                0x0000000000000200                _Min_Heap_Size = 0x200
                0x0000000000000400                _Min_Stack_Size = 0x400

.isr_vector     0x0000000008000000      0x18c
                0x0000000008000000                . = ALIGN (0x4)
 *(.isr_vector)
 .isr_vector    0x0000000008000000      0x18c Core/Startup/startup_stm32l433ccux.o
                0x0000000008000000                g_pfnVectors
                0x000000000800018c                . = ALIGN (0x4)

.text           0x0000000008000190     0x8c78
                0x0000000008000190                . = ALIGN (0x4)
 *(.text)
 .text          0x0000000008000190       0x40 c:/st/stm32cubeide_1.2.0/stm32cubeide/plugins/com.st.stm32cube.ide.mcu.externaltools.gnu-tools-for-stm32.7-2018-q2-update.win32_1.0.0.201904181610/tools/bin/../lib/gcc/arm-none-eabi/7.3.1/thumb/v7e-m/fpv4-sp/hard/crtbegin.o
 .text          0x00000000080001d0       0xa0 c:/st/stm32cubeide_1.2.0/stm32cubeide/plugins/com.st.stm32cube.ide.mcu.externaltools.gnu-tools-for-stm32.7-2018-q2-update.win32_1.0.0.201904181610/tools/bin/../lib/gcc/arm-none-eabi/7.3.1/../../../../arm-none-eabi/lib/thumb/v7e-m/fpv4-sp/hard\libc_nano.a(lib_a-memchr.o)
                0x00000000080001d0                memchr
 .text          0x0000000008000270       0x30 c:/st/stm32cubeide_1.2.0/stm32cubeide/plugins/com.st.stm32cube.ide.mcu.externaltools.gnu-tools-for-stm32.7-2018-q2-update.win32_1.0.0.201904181610/tools/bin/../lib/gcc/arm-none-eabi/7.3.1/thumb/v7e-m/fpv4-sp/hard\libgcc.a(_aeabi_uldivmod.o)
                0x0000000008000270                __aeabi_uldivmod
 .text          0x00000000080002a0      0x2cc c:/st/stm32cubeide_1.2.0/stm32cubeide/plugins/com.st.stm32cube.ide.mcu.externaltools.gnu-tools-for-stm32.7-2018-q2-update.win32_1.0.0.201904181610/tools/bin/../lib/gcc/arm-none-eabi/7.3.1/thumb/v7e-m/fpv4-sp/hard\libgcc.a(_udivmoddi4.o)
                0x00000000080002a0                __udivmoddi4
 .text          0x000000000800056c        0x4 c:/st/stm32cubeide_1.2.0/stm32cubeide/plugins/com.st.stm32cube.ide.mcu.externaltools.gnu-tools-for-stm32.7-2018-q2-update.win32_1.0.0.201904181610/tools/bin/../lib/gcc/arm-none-eabi/7.3.1/thumb/v7e-m/fpv4-sp/hard\libgcc.a(_dvmd_tls.o)
                0x000000000800056c                __aeabi_idiv0
                0x000000000800056c                __aeabi_ldiv0
 *(.text*)
 .text.SELECT   0x0000000008000570       0x18 Core/Src/fatfs_sd.o
 .text.DESELECT
                0x0000000008000588       0x18 Core/Src/fatfs_sd.o
 .text.SPI_TxByte
                0x00000000080005a0       0x30 Core/Src/fatfs_sd.o
 .text.SPI_RxByte
                0x00000000080005d0       0x3c Core/Src/fatfs_sd.o
 .text.SPI_RxBytePtr
                0x000000000800060c       0x1c Core/Src/fatfs_sd.o
 .text.SD_ReadyWait
                0x0000000008000628       0x38 Core/Src/fatfs_sd.o
 .text.SD_PowerOn
                0x0000000008000660       0x98 Core/Src/fatfs_sd.o
 .text.SD_PowerOff
                0x00000000080006f8       0x18 Core/Src/fatfs_sd.o
 .text.SD_CheckPower
                0x0000000008000710       0x18 Core/Src/fatfs_sd.o
 .text.SD_RxDataBlock
                0x0000000008000728       0x6c Core/Src/fatfs_sd.o
 .text.SD_TxDataBlock
                0x0000000008000794       0xa8 Core/Src/fatfs_sd.o
 .text.SD_SendCmd
                0x000000000800083c       0xa4 Core/Src/fatfs_sd.o
 .text.SD_disk_initialize
                0x00000000080008e0      0x1d4 Core/Src/fatfs_sd.o
                0x00000000080008e0                SD_disk_initialize
 .text.SD_disk_status
                0x0000000008000ab4       0x2c Core/Src/fatfs_sd.o
                0x0000000008000ab4                SD_disk_status
 .text.SD_disk_read
                0x0000000008000ae0       0xd4 Core/Src/fatfs_sd.o
                0x0000000008000ae0                SD_disk_read
 .text.SD_disk_write
                0x0000000008000bb4      0x108 Core/Src/fatfs_sd.o
                0x0000000008000bb4                SD_disk_write
 .text.SD_disk_ioctl
                0x0000000008000cbc      0x25c Core/Src/fatfs_sd.o
                0x0000000008000cbc                SD_disk_ioctl
 .text.SDTimer_Handler
                0x0000000008000f18       0x48 Core/Src/main.o
                0x0000000008000f18                SDTimer_Handler
 .text.clear_buffer
                0x0000000008000f60       0x34 Core/Src/main.o
                0x0000000008000f60                clear_buffer
 .text.SysTick_Handler
                0x0000000008000f94       0x38 Core/Src/main.o
                0x0000000008000f94                SysTick_Handler
 .text.main     0x0000000008000fcc      0x100 Core/Src/main.o
                0x0000000008000fcc                main
 .text.SystemClock_Config
                0x00000000080010cc       0xde Core/Src/main.o
                0x00000000080010cc                SystemClock_Config
 *fill*         0x00000000080011aa        0x2 
 .text.MX_SPI1_Init
                0x00000000080011ac       0x7c Core/Src/main.o
 .text.MX_USART2_UART_Init
                0x0000000008001228       0x60 Core/Src/main.o
 .text.MX_GPIO_Init
                0x0000000008001288       0xa8 Core/Src/main.o
 .text.Error_Handler
                0x0000000008001330        0xe Core/Src/main.o
                0x0000000008001330                Error_Handler
 *fill*         0x000000000800133e        0x2 
 .text.HAL_MspInit
                0x0000000008001340       0x48 Core/Src/stm32l4xx_hal_msp.o
                0x0000000008001340                HAL_MspInit
 .text.HAL_SPI_MspInit
                0x0000000008001388       0x94 Core/Src/stm32l4xx_hal_msp.o
                0x0000000008001388                HAL_SPI_MspInit
 .text.HAL_UART_MspInit
                0x000000000800141c       0x94 Core/Src/stm32l4xx_hal_msp.o
                0x000000000800141c                HAL_UART_MspInit
 .text.NMI_Handler
                0x00000000080014b0        0xe Core/Src/stm32l4xx_it.o
                0x00000000080014b0                NMI_Handler
 .text.HardFault_Handler
                0x00000000080014be        0x6 Core/Src/stm32l4xx_it.o
                0x00000000080014be                HardFault_Handler
 .text.MemManage_Handler
                0x00000000080014c4        0x6 Core/Src/stm32l4xx_it.o
                0x00000000080014c4                MemManage_Handler
 .text.BusFault_Handler
                0x00000000080014ca        0x6 Core/Src/stm32l4xx_it.o
                0x00000000080014ca                BusFault_Handler
 .text.UsageFault_Handler
                0x00000000080014d0        0x6 Core/Src/stm32l4xx_it.o
                0x00000000080014d0                UsageFault_Handler
 .text.SVC_Handler
                0x00000000080014d6        0xe Core/Src/stm32l4xx_it.o
                0x00000000080014d6                SVC_Handler
 .text.DebugMon_Handler
                0x00000000080014e4        0xe Core/Src/stm32l4xx_it.o
                0x00000000080014e4                DebugMon_Handler
 .text.PendSV_Handler
                0x00000000080014f2        0xe Core/Src/stm32l4xx_it.o
                0x00000000080014f2                PendSV_Handler
 .text.SPI1_IRQHandler
                0x0000000008001500       0x14 Core/Src/stm32l4xx_it.o
                0x0000000008001500                SPI1_IRQHandler
 .text.USART2_IRQHandler
                0x0000000008001514       0x14 Core/Src/stm32l4xx_it.o
                0x0000000008001514                USART2_IRQHandler
 .text._read    0x0000000008001528       0x3a Core/Src/syscalls.o
                0x0000000008001528                _read
 .text._write   0x0000000008001562       0x38 Core/Src/syscalls.o
                0x0000000008001562                _write
 .text._close   0x000000000800159a       0x18 Core/Src/syscalls.o
                0x000000000800159a                _close
 .text._fstat   0x00000000080015b2       0x20 Core/Src/syscalls.o
                0x00000000080015b2                _fstat
 .text._isatty  0x00000000080015d2       0x16 Core/Src/syscalls.o
                0x00000000080015d2                _isatty
 .text._lseek   0x00000000080015e8       0x1a Core/Src/syscalls.o
                0x00000000080015e8                _lseek
 *fill*         0x0000000008001602        0x2 
 .text._sbrk    0x0000000008001604       0x58 Core/Src/sysmem.o
                0x0000000008001604                _sbrk
 .text.SystemInit
                0x000000000800165c       0x6c Core/Src/system_stm32l4xx.o
                0x000000000800165c                SystemInit
 .text.Reset_Handler
                0x00000000080016c8       0x50 Core/Startup/startup_stm32l433ccux.o
                0x00000000080016c8                Reset_Handler
 .text.Default_Handler
                0x0000000008001718        0x2 Core/Startup/startup_stm32l433ccux.o
                0x0000000008001718                RTC_Alarm_IRQHandler
                0x0000000008001718                EXTI2_IRQHandler
                0x0000000008001718                TIM1_CC_IRQHandler
                0x0000000008001718                TSC_IRQHandler
                0x0000000008001718                TAMP_STAMP_IRQHandler
                0x0000000008001718                EXTI3_IRQHandler
                0x0000000008001718                LPTIM2_IRQHandler
                0x0000000008001718                I2C3_ER_IRQHandler
                0x0000000008001718                EXTI0_IRQHandler
                0x0000000008001718                I2C2_EV_IRQHandler
                0x0000000008001718                CAN1_RX0_IRQHandler
                0x0000000008001718                FPU_IRQHandler
                0x0000000008001718                TIM1_UP_TIM16_IRQHandler
                0x0000000008001718                TIM6_DAC_IRQHandler
                0x0000000008001718                DMA2_Channel2_IRQHandler
                0x0000000008001718                DMA1_Channel4_IRQHandler
                0x0000000008001718                ADC1_IRQHandler
                0x0000000008001718                USART3_IRQHandler
                0x0000000008001718                DMA1_Channel7_IRQHandler
                0x0000000008001718                CAN1_RX1_IRQHandler
                0x0000000008001718                LCD_IRQHandler
                0x0000000008001718                DMA2_Channel1_IRQHandler
                0x0000000008001718                QUADSPI_IRQHandler
                0x0000000008001718                I2C1_EV_IRQHandler
                0x0000000008001718                DMA1_Channel6_IRQHandler
                0x0000000008001718                DMA2_Channel4_IRQHandler
                0x0000000008001718                RCC_IRQHandler
                0x0000000008001718                TIM1_TRG_COM_IRQHandler
                0x0000000008001718                DMA1_Channel1_IRQHandler
                0x0000000008001718                Default_Handler
                0x0000000008001718                DMA2_Channel7_IRQHandler
                0x0000000008001718                EXTI15_10_IRQHandler
                0x0000000008001718                TIM7_IRQHandler
                0x0000000008001718                SDMMC1_IRQHandler
                0x0000000008001718                I2C3_EV_IRQHandler
                0x0000000008001718                USB_IRQHandler
                0x0000000008001718                EXTI9_5_IRQHandler
                0x0000000008001718                RTC_WKUP_IRQHandler
                0x0000000008001718                PVD_PVM_IRQHandler
                0x0000000008001718                SPI2_IRQHandler
                0x0000000008001718                CAN1_TX_IRQHandler
                0x0000000008001718                DMA2_Channel5_IRQHandler
                0x0000000008001718                CRS_IRQHandler
                0x0000000008001718                DMA1_Channel5_IRQHandler
                0x0000000008001718                EXTI4_IRQHandler
                0x0000000008001718                RNG_IRQHandler
                0x0000000008001718                DMA1_Channel3_IRQHandler
                0x0000000008001718                COMP_IRQHandler
                0x0000000008001718                WWDG_IRQHandler
                0x0000000008001718                LPUART1_IRQHandler
                0x0000000008001718                DMA2_Channel6_IRQHandler
                0x0000000008001718                TIM2_IRQHandler
                0x0000000008001718                EXTI1_IRQHandler
                0x0000000008001718                I2C2_ER_IRQHandler
                0x0000000008001718                DMA1_Channel2_IRQHandler
                0x0000000008001718                CAN1_SCE_IRQHandler
                0x0000000008001718                FLASH_IRQHandler
                0x0000000008001718                USART1_IRQHandler
                0x0000000008001718                SPI3_IRQHandler
                0x0000000008001718                I2C1_ER_IRQHandler
                0x0000000008001718                SWPMI1_IRQHandler
                0x0000000008001718                LPTIM1_IRQHandler
                0x0000000008001718                SAI1_IRQHandler
                0x0000000008001718                DMA2_Channel3_IRQHandler
                0x0000000008001718                TIM1_BRK_TIM15_IRQHandler
 .text.HAL_Init
                0x000000000800171a       0x30 Drivers/STM32L4xx_HAL_Driver/Src/stm32l4xx_hal.o
                0x000000000800171a                HAL_Init
 *fill*         0x000000000800174a        0x2 
 .text.HAL_InitTick
                0x000000000800174c       0x74 Drivers/STM32L4xx_HAL_Driver/Src/stm32l4xx_hal.o
                0x000000000800174c                HAL_InitTick
 .text.HAL_IncTick
                0x00000000080017c0       0x24 Drivers/STM32L4xx_HAL_Driver/Src/stm32l4xx_hal.o
                0x00000000080017c0                HAL_IncTick
 .text.HAL_GetTick
                0x00000000080017e4       0x18 Drivers/STM32L4xx_HAL_Driver/Src/stm32l4xx_hal.o
                0x00000000080017e4                HAL_GetTick
 .text.HAL_Delay
                0x00000000080017fc       0x44 Drivers/STM32L4xx_HAL_Driver/Src/stm32l4xx_hal.o
                0x00000000080017fc                HAL_Delay
 .text.__NVIC_SetPriorityGrouping
                0x0000000008001840       0x48 Drivers/STM32L4xx_HAL_Driver/Src/stm32l4xx_hal_cortex.o
 .text.__NVIC_GetPriorityGrouping
                0x0000000008001888       0x1c Drivers/STM32L4xx_HAL_Driver/Src/stm32l4xx_hal_cortex.o
 .text.__NVIC_EnableIRQ
                0x00000000080018a4       0x3c Drivers/STM32L4xx_HAL_Driver/Src/stm32l4xx_hal_cortex.o
 .text.__NVIC_SetPriority
                0x00000000080018e0       0x54 Drivers/STM32L4xx_HAL_Driver/Src/stm32l4xx_hal_cortex.o
 .text.NVIC_EncodePriority
                0x0000000008001934       0x66 Drivers/STM32L4xx_HAL_Driver/Src/stm32l4xx_hal_cortex.o
 *fill*         0x000000000800199a        0x2 
 .text.SysTick_Config
                0x000000000800199c       0x44 Drivers/STM32L4xx_HAL_Driver/Src/stm32l4xx_hal_cortex.o
 .text.HAL_NVIC_SetPriorityGrouping
                0x00000000080019e0       0x16 Drivers/STM32L4xx_HAL_Driver/Src/stm32l4xx_hal_cortex.o
                0x00000000080019e0                HAL_NVIC_SetPriorityGrouping
 .text.HAL_NVIC_SetPriority
                0x00000000080019f6       0x38 Drivers/STM32L4xx_HAL_Driver/Src/stm32l4xx_hal_cortex.o
                0x00000000080019f6                HAL_NVIC_SetPriority
 .text.HAL_NVIC_EnableIRQ
                0x0000000008001a2e       0x1c Drivers/STM32L4xx_HAL_Driver/Src/stm32l4xx_hal_cortex.o
                0x0000000008001a2e                HAL_NVIC_EnableIRQ
 .text.HAL_SYSTICK_Config
                0x0000000008001a4a       0x18 Drivers/STM32L4xx_HAL_Driver/Src/stm32l4xx_hal_cortex.o
                0x0000000008001a4a                HAL_SYSTICK_Config
 .text.HAL_SYSTICK_IRQHandler
                0x0000000008001a62        0xc Drivers/STM32L4xx_HAL_Driver/Src/stm32l4xx_hal_cortex.o
                0x0000000008001a62                HAL_SYSTICK_IRQHandler
 .text.HAL_SYSTICK_Callback
                0x0000000008001a6e        0xe Drivers/STM32L4xx_HAL_Driver/Src/stm32l4xx_hal_cortex.o
                0x0000000008001a6e                HAL_SYSTICK_Callback
 .text.HAL_DMA_Abort_IT
                0x0000000008001a7c       0x82 Drivers/STM32L4xx_HAL_Driver/Src/stm32l4xx_hal_dma.o
                0x0000000008001a7c                HAL_DMA_Abort_IT
 *fill*         0x0000000008001afe        0x2 
 .text.HAL_GPIO_Init
                0x0000000008001b00      0x2f4 Drivers/STM32L4xx_HAL_Driver/Src/stm32l4xx_hal_gpio.o
                0x0000000008001b00                HAL_GPIO_Init
 .text.HAL_GPIO_WritePin
                0x0000000008001df4       0x30 Drivers/STM32L4xx_HAL_Driver/Src/stm32l4xx_hal_gpio.o
                0x0000000008001df4                HAL_GPIO_WritePin
 .text.HAL_PWREx_GetVoltageRange
                0x0000000008001e24       0x1c Drivers/STM32L4xx_HAL_Driver/Src/stm32l4xx_hal_pwr_ex.o
                0x0000000008001e24                HAL_PWREx_GetVoltageRange
 .text.HAL_PWREx_ControlVoltageScaling
                0x0000000008001e40       0xac Drivers/STM32L4xx_HAL_Driver/Src/stm32l4xx_hal_pwr_ex.o
                0x0000000008001e40                HAL_PWREx_ControlVoltageScaling
 .text.HAL_RCC_OscConfig
                0x0000000008001eec      0x840 Drivers/STM32L4xx_HAL_Driver/Src/stm32l4xx_hal_rcc.o
                0x0000000008001eec                HAL_RCC_OscConfig
 .text.HAL_RCC_ClockConfig
                0x000000000800272c      0x1c4 Drivers/STM32L4xx_HAL_Driver/Src/stm32l4xx_hal_rcc.o
                0x000000000800272c                HAL_RCC_ClockConfig
 .text.HAL_RCC_GetSysClockFreq
                0x00000000080028f0      0x114 Drivers/STM32L4xx_HAL_Driver/Src/stm32l4xx_hal_rcc.o
                0x00000000080028f0                HAL_RCC_GetSysClockFreq
 .text.HAL_RCC_GetHCLKFreq
                0x0000000008002a04       0x18 Drivers/STM32L4xx_HAL_Driver/Src/stm32l4xx_hal_rcc.o
                0x0000000008002a04                HAL_RCC_GetHCLKFreq
 .text.HAL_RCC_GetPCLK1Freq
                0x0000000008002a1c       0x2c Drivers/STM32L4xx_HAL_Driver/Src/stm32l4xx_hal_rcc.o
                0x0000000008002a1c                HAL_RCC_GetPCLK1Freq
 .text.HAL_RCC_GetPCLK2Freq
                0x0000000008002a48       0x2c Drivers/STM32L4xx_HAL_Driver/Src/stm32l4xx_hal_rcc.o
                0x0000000008002a48                HAL_RCC_GetPCLK2Freq
 .text.RCC_SetFlashLatencyFromMSIRange
                0x0000000008002a74       0xc0 Drivers/STM32L4xx_HAL_Driver/Src/stm32l4xx_hal_rcc.o
 .text.HAL_RCCEx_PeriphCLKConfig
                0x0000000008002b34      0x488 Drivers/STM32L4xx_HAL_Driver/Src/stm32l4xx_hal_rcc_ex.o
                0x0000000008002b34                HAL_RCCEx_PeriphCLKConfig
 .text.RCCEx_PLLSAI1_Config
                0x0000000008002fbc      0x1e0 Drivers/STM32L4xx_HAL_Driver/Src/stm32l4xx_hal_rcc_ex.o
 .text.HAL_SPI_Init
                0x000000000800319c      0x114 Drivers/STM32L4xx_HAL_Driver/Src/stm32l4xx_hal_spi.o
                0x000000000800319c                HAL_SPI_Init
 .text.HAL_SPI_Transmit
                0x00000000080032b0      0x2cc Drivers/STM32L4xx_HAL_Driver/Src/stm32l4xx_hal_spi.o
                0x00000000080032b0                HAL_SPI_Transmit
 .text.HAL_SPI_TransmitReceive
                0x000000000800357c      0x426 Drivers/STM32L4xx_HAL_Driver/Src/stm32l4xx_hal_spi.o
                0x000000000800357c                HAL_SPI_TransmitReceive
 *fill*         0x00000000080039a2        0x2 
 .text.HAL_SPI_IRQHandler
                0x00000000080039a4      0x200 Drivers/STM32L4xx_HAL_Driver/Src/stm32l4xx_hal_spi.o
                0x00000000080039a4                HAL_SPI_IRQHandler
 .text.HAL_SPI_ErrorCallback
                0x0000000008003ba4       0x14 Drivers/STM32L4xx_HAL_Driver/Src/stm32l4xx_hal_spi.o
                0x0000000008003ba4                HAL_SPI_ErrorCallback
 .text.HAL_SPI_GetState
                0x0000000008003bb8       0x1c Drivers/STM32L4xx_HAL_Driver/Src/stm32l4xx_hal_spi.o
                0x0000000008003bb8                HAL_SPI_GetState
 .text.SPI_DMAAbortOnError
                0x0000000008003bd4       0x2a Drivers/STM32L4xx_HAL_Driver/Src/stm32l4xx_hal_spi.o
 .text.SPI_WaitFlagStateUntilTimeout
                0x0000000008003bfe       0xd4 Drivers/STM32L4xx_HAL_Driver/Src/stm32l4xx_hal_spi.o
 .text.SPI_WaitFifoStateUntilTimeout
                0x0000000008003cd2       0xda Drivers/STM32L4xx_HAL_Driver/Src/stm32l4xx_hal_spi.o
 .text.SPI_EndRxTxTransaction
                0x0000000008003dac       0x8c Drivers/STM32L4xx_HAL_Driver/Src/stm32l4xx_hal_spi.o
 .text.HAL_UART_Init
                0x0000000008003e38       0x9c Drivers/STM32L4xx_HAL_Driver/Src/stm32l4xx_hal_uart.o
                0x0000000008003e38                HAL_UART_Init
 .text.HAL_UART_IRQHandler
                0x0000000008003ed4      0x28c Drivers/STM32L4xx_HAL_Driver/Src/stm32l4xx_hal_uart.o
                0x0000000008003ed4                HAL_UART_IRQHandler
 .text.HAL_UART_TxCpltCallback
                0x0000000008004160       0x14 Drivers/STM32L4xx_HAL_Driver/Src/stm32l4xx_hal_uart.o
                0x0000000008004160                HAL_UART_TxCpltCallback
 .text.HAL_UART_ErrorCallback
                0x0000000008004174       0x14 Drivers/STM32L4xx_HAL_Driver/Src/stm32l4xx_hal_uart.o
                0x0000000008004174                HAL_UART_ErrorCallback
 .text.UART_SetConfig
                0x0000000008004188      0x628 Drivers/STM32L4xx_HAL_Driver/Src/stm32l4xx_hal_uart.o
                0x0000000008004188                UART_SetConfig
 .text.UART_AdvFeatureConfig
                0x00000000080047b0      0x144 Drivers/STM32L4xx_HAL_Driver/Src/stm32l4xx_hal_uart.o
                0x00000000080047b0                UART_AdvFeatureConfig
 .text.UART_CheckIdleState
                0x00000000080048f4       0x8a Drivers/STM32L4xx_HAL_Driver/Src/stm32l4xx_hal_uart.o
                0x00000000080048f4                UART_CheckIdleState
 .text.UART_WaitOnFlagUntilTimeout
                0x000000000800497e       0xf6 Drivers/STM32L4xx_HAL_Driver/Src/stm32l4xx_hal_uart.o
                0x000000000800497e                UART_WaitOnFlagUntilTimeout
 .text.UART_EndRxTransfer
                0x0000000008004a74       0x40 Drivers/STM32L4xx_HAL_Driver/Src/stm32l4xx_hal_uart.o
 .text.UART_DMAAbortOnError
                0x0000000008004ab4       0x2c Drivers/STM32L4xx_HAL_Driver/Src/stm32l4xx_hal_uart.o
 .text.UART_EndTransmit_IT
                0x0000000008004ae0       0x32 Drivers/STM32L4xx_HAL_Driver/Src/stm32l4xx_hal_uart.o
 .text.HAL_UARTEx_WakeupCallback
                0x0000000008004b12       0x14 Drivers/STM32L4xx_HAL_Driver/Src/stm32l4xx_hal_uart_ex.o
                0x0000000008004b12                HAL_UARTEx_WakeupCallback
 *fill*         0x0000000008004b26        0x2 
 .text.MX_FATFS_Init
                0x0000000008004b28       0x24 FATFS/App/fatfs.o
                0x0000000008004b28                MX_FATFS_Init
 .text.get_fattime
                0x0000000008004b4c       0x10 FATFS/App/fatfs.o
                0x0000000008004b4c                get_fattime
 .text.USER_initialize
                0x0000000008004b5c       0x1c FATFS/Target/user_diskio.o
                0x0000000008004b5c                USER_initialize
 .text.USER_status
                0x0000000008004b78       0x1c FATFS/Target/user_diskio.o
                0x0000000008004b78                USER_status
 .text.USER_read
                0x0000000008004b94       0x26 FATFS/Target/user_diskio.o
                0x0000000008004b94                USER_read
 .text.USER_write
                0x0000000008004bba       0x26 FATFS/Target/user_diskio.o
                0x0000000008004bba                USER_write
 .text.USER_ioctl
                0x0000000008004be0       0x26 FATFS/Target/user_diskio.o
                0x0000000008004be0                USER_ioctl
 *fill*         0x0000000008004c06        0x2 
 .text.disk_status
                0x0000000008004c08       0x34 Middlewares/Third_Party/FatFs/src/diskio.o
                0x0000000008004c08                disk_status
 .text.disk_initialize
                0x0000000008004c3c       0x4c Middlewares/Third_Party/FatFs/src/diskio.o
                0x0000000008004c3c                disk_initialize
 .text.disk_read
                0x0000000008004c88       0x40 Middlewares/Third_Party/FatFs/src/diskio.o
                0x0000000008004c88                disk_read
 .text.disk_write
                0x0000000008004cc8       0x40 Middlewares/Third_Party/FatFs/src/diskio.o
                0x0000000008004cc8                disk_write
 .text.disk_ioctl
                0x0000000008004d08       0x3c Middlewares/Third_Party/FatFs/src/diskio.o
                0x0000000008004d08                disk_ioctl
 .text.ld_word  0x0000000008004d44       0x30 Middlewares/Third_Party/FatFs/src/ff.o
 .text.ld_dword
                0x0000000008004d74       0x46 Middlewares/Third_Party/FatFs/src/ff.o
 .text.st_word  0x0000000008004dba       0x36 Middlewares/Third_Party/FatFs/src/ff.o
 .text.st_dword
                0x0000000008004df0       0x58 Middlewares/Third_Party/FatFs/src/ff.o
 .text.mem_cpy  0x0000000008004e48       0x42 Middlewares/Third_Party/FatFs/src/ff.o
 .text.mem_set  0x0000000008004e8a       0x34 Middlewares/Third_Party/FatFs/src/ff.o
 .text.mem_cmp  0x0000000008004ebe       0x4e Middlewares/Third_Party/FatFs/src/ff.o
 .text.chk_chr  0x0000000008004f0c       0x36 Middlewares/Third_Party/FatFs/src/ff.o
 *fill*         0x0000000008004f42        0x2 
 .text.chk_lock
                0x0000000008004f44       0xb8 Middlewares/Third_Party/FatFs/src/ff.o
 .text.enq_lock
                0x0000000008004ffc       0x44 Middlewares/Third_Party/FatFs/src/ff.o
 .text.inc_lock
                0x0000000008005040      0x11c Middlewares/Third_Party/FatFs/src/ff.o
 .text.dec_lock
                0x000000000800515c       0x78 Middlewares/Third_Party/FatFs/src/ff.o
 .text.clear_lock
                0x00000000080051d4       0x48 Middlewares/Third_Party/FatFs/src/ff.o
 .text.sync_window
                0x000000000800521c       0x88 Middlewares/Third_Party/FatFs/src/ff.o
 .text.move_window
                0x00000000080052a4       0x5a Middlewares/Third_Party/FatFs/src/ff.o
 *fill*         0x00000000080052fe        0x2 
 .text.sync_fs  0x0000000008005300       0xe0 Middlewares/Third_Party/FatFs/src/ff.o
 .text.clust2sect
                0x00000000080053e0       0x3e Middlewares/Third_Party/FatFs/src/ff.o
 .text.get_fat  0x000000000800541e      0x1a0 Middlewares/Third_Party/FatFs/src/ff.o
 .text.put_fat  0x00000000080055be      0x22e Middlewares/Third_Party/FatFs/src/ff.o
 .text.remove_chain
                0x00000000080057ec       0xca Middlewares/Third_Party/FatFs/src/ff.o
 .text.create_chain
                0x00000000080058b6      0x130 Middlewares/Third_Party/FatFs/src/ff.o
 .text.clmt_clust
                0x00000000080059e6       0x70 Middlewares/Third_Party/FatFs/src/ff.o
 .text.dir_sdi  0x0000000008005a56      0x112 Middlewares/Third_Party/FatFs/src/ff.o
 .text.dir_next
                0x0000000008005b68      0x1ac Middlewares/Third_Party/FatFs/src/ff.o
 .text.dir_alloc
                0x0000000008005d14       0x8e Middlewares/Third_Party/FatFs/src/ff.o
 .text.ld_clust
                0x0000000008005da2       0x3e Middlewares/Third_Party/FatFs/src/ff.o
 .text.st_clust
                0x0000000008005de0       0x40 Middlewares/Third_Party/FatFs/src/ff.o
 .text.cmp_lfn  0x0000000008005e20       0xe0 Middlewares/Third_Party/FatFs/src/ff.o
 .text.put_lfn  0x0000000008005f00       0xd0 Middlewares/Third_Party/FatFs/src/ff.o
 .text.gen_numname
                0x0000000008005fd0      0x11e Middlewares/Third_Party/FatFs/src/ff.o
 .text.sum_sfn  0x00000000080060ee       0x42 Middlewares/Third_Party/FatFs/src/ff.o
 .text.dir_find
                0x0000000008006130      0x180 Middlewares/Third_Party/FatFs/src/ff.o
 .text.dir_register
                0x00000000080062b0      0x1f0 Middlewares/Third_Party/FatFs/src/ff.o
 .text.create_name
                0x00000000080064a0      0x370 Middlewares/Third_Party/FatFs/src/ff.o
 .text.follow_path
                0x0000000008006810       0xec Middlewares/Third_Party/FatFs/src/ff.o
 .text.get_ldnumber
                0x00000000080068fc       0x88 Middlewares/Third_Party/FatFs/src/ff.o
 .text.check_fs
                0x0000000008006984       0xac Middlewares/Third_Party/FatFs/src/ff.o
 .text.find_volume
                0x0000000008006a30      0x510 Middlewares/Third_Party/FatFs/src/ff.o
 .text.validate
                0x0000000008006f40       0x6a Middlewares/Third_Party/FatFs/src/ff.o
 *fill*         0x0000000008006faa        0x2 
 .text.f_mount  0x0000000008006fac       0x8c Middlewares/Third_Party/FatFs/src/ff.o
                0x0000000008006fac                f_mount
 .text.f_open   0x0000000008007038      0x398 Middlewares/Third_Party/FatFs/src/ff.o
                0x0000000008007038                f_open
 .text.f_read   0x00000000080073d0      0x2be Middlewares/Third_Party/FatFs/src/ff.o
                0x00000000080073d0                f_read
 .text.f_write  0x000000000800768e      0x328 Middlewares/Third_Party/FatFs/src/ff.o
                0x000000000800768e                f_write
 .text.f_sync   0x00000000080079b6       0xfc Middlewares/Third_Party/FatFs/src/ff.o
                0x00000000080079b6                f_sync
 .text.f_close  0x0000000008007ab2       0x54 Middlewares/Third_Party/FatFs/src/ff.o
                0x0000000008007ab2                f_close
 .text.f_gets   0x0000000008007b06       0x7a Middlewares/Third_Party/FatFs/src/ff.o
                0x0000000008007b06                f_gets
 .text.putc_bfd
                0x0000000008007b80       0x7a Middlewares/Third_Party/FatFs/src/ff.o
 .text.putc_flush
                0x0000000008007bfa       0x4c Middlewares/Third_Party/FatFs/src/ff.o
 .text.putc_init
                0x0000000008007c46       0x2a Middlewares/Third_Party/FatFs/src/ff.o
 .text.f_puts   0x0000000008007c70       0x48 Middlewares/Third_Party/FatFs/src/ff.o
                0x0000000008007c70                f_puts
 .text.FATFS_LinkDriverEx
                0x0000000008007cb8       0x98 Middlewares/Third_Party/FatFs/src/ff_gen_drv.o
                0x0000000008007cb8                FATFS_LinkDriverEx
 .text.FATFS_LinkDriver
                0x0000000008007d50       0x1e Middlewares/Third_Party/FatFs/src/ff_gen_drv.o
                0x0000000008007d50                FATFS_LinkDriver
 *fill*         0x0000000008007d6e        0x2 
 .text.ff_convert
                0x0000000008007d70       0x78 Middlewares/Third_Party/FatFs/src/option/ccsbcs.o
                0x0000000008007d70                ff_convert
 .text.ff_wtoupper
                0x0000000008007de8      0x114 Middlewares/Third_Party/FatFs/src/option/ccsbcs.o
                0x0000000008007de8                ff_wtoupper
 .text.__errno  0x0000000008007efc        0xc c:/st/stm32cubeide_1.2.0/stm32cubeide/plugins/com.st.stm32cube.ide.mcu.externaltools.gnu-tools-for-stm32.7-2018-q2-update.win32_1.0.0.201904181610/tools/bin/../lib/gcc/arm-none-eabi/7.3.1/../../../../arm-none-eabi/lib/thumb/v7e-m/fpv4-sp/hard\libc_nano.a(lib_a-errno.o)
                0x0000000008007efc                __errno
 .text.__libc_init_array
                0x0000000008007f08       0x48 c:/st/stm32cubeide_1.2.0/stm32cubeide/plugins/com.st.stm32cube.ide.mcu.externaltools.gnu-tools-for-stm32.7-2018-q2-update.win32_1.0.0.201904181610/tools/bin/../lib/gcc/arm-none-eabi/7.3.1/../../../../arm-none-eabi/lib/thumb/v7e-m/fpv4-sp/hard\libc_nano.a(lib_a-init.o)
                0x0000000008007f08                __libc_init_array
 .text.memset   0x0000000008007f50       0x10 c:/st/stm32cubeide_1.2.0/stm32cubeide/plugins/com.st.stm32cube.ide.mcu.externaltools.gnu-tools-for-stm32.7-2018-q2-update.win32_1.0.0.201904181610/tools/bin/../lib/gcc/arm-none-eabi/7.3.1/../../../../arm-none-eabi/lib/thumb/v7e-m/fpv4-sp/hard\libc_nano.a(lib_a-memset.o)
                0x0000000008007f50                memset
 .text.printf   0x0000000008007f60       0x30 c:/st/stm32cubeide_1.2.0/stm32cubeide/plugins/com.st.stm32cube.ide.mcu.externaltools.gnu-tools-for-stm32.7-2018-q2-update.win32_1.0.0.201904181610/tools/bin/../lib/gcc/arm-none-eabi/7.3.1/../../../../arm-none-eabi/lib/thumb/v7e-m/fpv4-sp/hard\libc_nano.a(lib_a-printf.o)
                0x0000000008007f60                iprintf
                0x0000000008007f60                printf
 .text._puts_r  0x0000000008007f90       0xb8 c:/st/stm32cubeide_1.2.0/stm32cubeide/plugins/com.st.stm32cube.ide.mcu.externaltools.gnu-tools-for-stm32.7-2018-q2-update.win32_1.0.0.201904181610/tools/bin/../lib/gcc/arm-none-eabi/7.3.1/../../../../arm-none-eabi/lib/thumb/v7e-m/fpv4-sp/hard\libc_nano.a(lib_a-puts.o)
                0x0000000008007f90                _puts_r
 .text.puts     0x0000000008008048       0x10 c:/st/stm32cubeide_1.2.0/stm32cubeide/plugins/com.st.stm32cube.ide.mcu.externaltools.gnu-tools-for-stm32.7-2018-q2-update.win32_1.0.0.201904181610/tools/bin/../lib/gcc/arm-none-eabi/7.3.1/../../../../arm-none-eabi/lib/thumb/v7e-m/fpv4-sp/hard\libc_nano.a(lib_a-puts.o)
                0x0000000008008048                puts
 .text.__swbuf_r
                0x0000000008008058       0xa4 c:/st/stm32cubeide_1.2.0/stm32cubeide/plugins/com.st.stm32cube.ide.mcu.externaltools.gnu-tools-for-stm32.7-2018-q2-update.win32_1.0.0.201904181610/tools/bin/../lib/gcc/arm-none-eabi/7.3.1/../../../../arm-none-eabi/lib/thumb/v7e-m/fpv4-sp/hard\libc_nano.a(lib_a-wbuf.o)
                0x0000000008008058                __swbuf_r
 .text.__swsetup_r
                0x00000000080080fc       0xdc c:/st/stm32cubeide_1.2.0/stm32cubeide/plugins/com.st.stm32cube.ide.mcu.externaltools.gnu-tools-for-stm32.7-2018-q2-update.win32_1.0.0.201904181610/tools/bin/../lib/gcc/arm-none-eabi/7.3.1/../../../../arm-none-eabi/lib/thumb/v7e-m/fpv4-sp/hard\libc_nano.a(lib_a-wsetup.o)
                0x00000000080080fc                __swsetup_r
 .text.__sflush_r
                0x00000000080081d8      0x10c c:/st/stm32cubeide_1.2.0/stm32cubeide/plugins/com.st.stm32cube.ide.mcu.externaltools.gnu-tools-for-stm32.7-2018-q2-update.win32_1.0.0.201904181610/tools/bin/../lib/gcc/arm-none-eabi/7.3.1/../../../../arm-none-eabi/lib/thumb/v7e-m/fpv4-sp/hard\libc_nano.a(lib_a-fflush.o)
                0x00000000080081d8                __sflush_r
 .text._fflush_r
                0x00000000080082e4       0x54 c:/st/stm32cubeide_1.2.0/stm32cubeide/plugins/com.st.stm32cube.ide.mcu.externaltools.gnu-tools-for-stm32.7-2018-q2-update.win32_1.0.0.201904181610/tools/bin/../lib/gcc/arm-none-eabi/7.3.1/../../../../arm-none-eabi/lib/thumb/v7e-m/fpv4-sp/hard\libc_nano.a(lib_a-fflush.o)
                0x00000000080082e4                _fflush_r
 .text.std      0x0000000008008338       0x48 c:/st/stm32cubeide_1.2.0/stm32cubeide/plugins/com.st.stm32cube.ide.mcu.externaltools.gnu-tools-for-stm32.7-2018-q2-update.win32_1.0.0.201904181610/tools/bin/../lib/gcc/arm-none-eabi/7.3.1/../../../../arm-none-eabi/lib/thumb/v7e-m/fpv4-sp/hard\libc_nano.a(lib_a-findfp.o)
 .text._cleanup_r
                0x0000000008008380        0xc c:/st/stm32cubeide_1.2.0/stm32cubeide/plugins/com.st.stm32cube.ide.mcu.externaltools.gnu-tools-for-stm32.7-2018-q2-update.win32_1.0.0.201904181610/tools/bin/../lib/gcc/arm-none-eabi/7.3.1/../../../../arm-none-eabi/lib/thumb/v7e-m/fpv4-sp/hard\libc_nano.a(lib_a-findfp.o)
                0x0000000008008380                _cleanup_r
 .text.__sfmoreglue
                0x000000000800838c       0x2c c:/st/stm32cubeide_1.2.0/stm32cubeide/plugins/com.st.stm32cube.ide.mcu.externaltools.gnu-tools-for-stm32.7-2018-q2-update.win32_1.0.0.201904181610/tools/bin/../lib/gcc/arm-none-eabi/7.3.1/../../../../arm-none-eabi/lib/thumb/v7e-m/fpv4-sp/hard\libc_nano.a(lib_a-findfp.o)
                0x000000000800838c                __sfmoreglue
 .text.__sinit  0x00000000080083b8       0x60 c:/st/stm32cubeide_1.2.0/stm32cubeide/plugins/com.st.stm32cube.ide.mcu.externaltools.gnu-tools-for-stm32.7-2018-q2-update.win32_1.0.0.201904181610/tools/bin/../lib/gcc/arm-none-eabi/7.3.1/../../../../arm-none-eabi/lib/thumb/v7e-m/fpv4-sp/hard\libc_nano.a(lib_a-findfp.o)
                0x00000000080083b8                __sinit
 .text.__sfp    0x0000000008008418       0x78 c:/st/stm32cubeide_1.2.0/stm32cubeide/plugins/com.st.stm32cube.ide.mcu.externaltools.gnu-tools-for-stm32.7-2018-q2-update.win32_1.0.0.201904181610/tools/bin/../lib/gcc/arm-none-eabi/7.3.1/../../../../arm-none-eabi/lib/thumb/v7e-m/fpv4-sp/hard\libc_nano.a(lib_a-findfp.o)
                0x0000000008008418                __sfp
 .text._fwalk_reent
                0x0000000008008490       0x3c c:/st/stm32cubeide_1.2.0/stm32cubeide/plugins/com.st.stm32cube.ide.mcu.externaltools.gnu-tools-for-stm32.7-2018-q2-update.win32_1.0.0.201904181610/tools/bin/../lib/gcc/arm-none-eabi/7.3.1/../../../../arm-none-eabi/lib/thumb/v7e-m/fpv4-sp/hard\libc_nano.a(lib_a-fwalk.o)
                0x0000000008008490                _fwalk_reent
 .text.__swhatbuf_r
                0x00000000080084cc       0x48 c:/st/stm32cubeide_1.2.0/stm32cubeide/plugins/com.st.stm32cube.ide.mcu.externaltools.gnu-tools-for-stm32.7-2018-q2-update.win32_1.0.0.201904181610/tools/bin/../lib/gcc/arm-none-eabi/7.3.1/../../../../arm-none-eabi/lib/thumb/v7e-m/fpv4-sp/hard\libc_nano.a(lib_a-makebuf.o)
                0x00000000080084cc                __swhatbuf_r
 .text.__smakebuf_r
                0x0000000008008514       0x80 c:/st/stm32cubeide_1.2.0/stm32cubeide/plugins/com.st.stm32cube.ide.mcu.externaltools.gnu-tools-for-stm32.7-2018-q2-update.win32_1.0.0.201904181610/tools/bin/../lib/gcc/arm-none-eabi/7.3.1/../../../../arm-none-eabi/lib/thumb/v7e-m/fpv4-sp/hard\libc_nano.a(lib_a-makebuf.o)
                0x0000000008008514                __smakebuf_r
 .text._free_r  0x0000000008008594       0x9c c:/st/stm32cubeide_1.2.0/stm32cubeide/plugins/com.st.stm32cube.ide.mcu.externaltools.gnu-tools-for-stm32.7-2018-q2-update.win32_1.0.0.201904181610/tools/bin/../lib/gcc/arm-none-eabi/7.3.1/../../../../arm-none-eabi/lib/thumb/v7e-m/fpv4-sp/hard\libc_nano.a(lib_a-nano-freer.o)
                0x0000000008008594                _free_r
 .text._malloc_r
                0x0000000008008630       0xb4 c:/st/stm32cubeide_1.2.0/stm32cubeide/plugins/com.st.stm32cube.ide.mcu.externaltools.gnu-tools-for-stm32.7-2018-q2-update.win32_1.0.0.201904181610/tools/bin/../lib/gcc/arm-none-eabi/7.3.1/../../../../arm-none-eabi/lib/thumb/v7e-m/fpv4-sp/hard\libc_nano.a(lib_a-nano-mallocr.o)
                0x0000000008008630                _malloc_r
 .text.__sfputc_r
                0x00000000080086e4       0x2e c:/st/stm32cubeide_1.2.0/stm32cubeide/plugins/com.st.stm32cube.ide.mcu.externaltools.gnu-tools-for-stm32.7-2018-q2-update.win32_1.0.0.201904181610/tools/bin/../lib/gcc/arm-none-eabi/7.3.1/../../../../arm-none-eabi/lib/thumb/v7e-m/fpv4-sp/hard\libc_nano.a(lib_a-nano-vfprintf.o)
 .text.__sfputs_r
                0x0000000008008712       0x24 c:/st/stm32cubeide_1.2.0/stm32cubeide/plugins/com.st.stm32cube.ide.mcu.externaltools.gnu-tools-for-stm32.7-2018-q2-update.win32_1.0.0.201904181610/tools/bin/../lib/gcc/arm-none-eabi/7.3.1/../../../../arm-none-eabi/lib/thumb/v7e-m/fpv4-sp/hard\libc_nano.a(lib_a-nano-vfprintf.o)
                0x0000000008008712                __sfputs_r
 *fill*         0x0000000008008736        0x2 
 .text._vfprintf_r
                0x0000000008008738      0x22c c:/st/stm32cubeide_1.2.0/stm32cubeide/plugins/com.st.stm32cube.ide.mcu.externaltools.gnu-tools-for-stm32.7-2018-q2-update.win32_1.0.0.201904181610/tools/bin/../lib/gcc/arm-none-eabi/7.3.1/../../../../arm-none-eabi/lib/thumb/v7e-m/fpv4-sp/hard\libc_nano.a(lib_a-nano-vfprintf.o)
                0x0000000008008738                _vfprintf_r
                0x0000000008008738                _vfiprintf_r
 .text._printf_common
                0x0000000008008964       0xea c:/st/stm32cubeide_1.2.0/stm32cubeide/plugins/com.st.stm32cube.ide.mcu.externaltools.gnu-tools-for-stm32.7-2018-q2-update.win32_1.0.0.201904181610/tools/bin/../lib/gcc/arm-none-eabi/7.3.1/../../../../arm-none-eabi/lib/thumb/v7e-m/fpv4-sp/hard\libc_nano.a(lib_a-nano-vfprintf_i.o)
                0x0000000008008964                _printf_common
 *fill*         0x0000000008008a4e        0x2 
 .text._printf_i
                0x0000000008008a50      0x224 c:/st/stm32cubeide_1.2.0/stm32cubeide/plugins/com.st.stm32cube.ide.mcu.externaltools.gnu-tools-for-stm32.7-2018-q2-update.win32_1.0.0.201904181610/tools/bin/../lib/gcc/arm-none-eabi/7.3.1/../../../../arm-none-eabi/lib/thumb/v7e-m/fpv4-sp/hard\libc_nano.a(lib_a-nano-vfprintf_i.o)
                0x0000000008008a50                _printf_i
 .text._sbrk_r  0x0000000008008c74       0x20 c:/st/stm32cubeide_1.2.0/stm32cubeide/plugins/com.st.stm32cube.ide.mcu.externaltools.gnu-tools-for-stm32.7-2018-q2-update.win32_1.0.0.201904181610/tools/bin/../lib/gcc/arm-none-eabi/7.3.1/../../../../arm-none-eabi/lib/thumb/v7e-m/fpv4-sp/hard\libc_nano.a(lib_a-sbrkr.o)
                0x0000000008008c74                _sbrk_r
 .text.__sread  0x0000000008008c94       0x22 c:/st/stm32cubeide_1.2.0/stm32cubeide/plugins/com.st.stm32cube.ide.mcu.externaltools.gnu-tools-for-stm32.7-2018-q2-update.win32_1.0.0.201904181610/tools/bin/../lib/gcc/arm-none-eabi/7.3.1/../../../../arm-none-eabi/lib/thumb/v7e-m/fpv4-sp/hard\libc_nano.a(lib_a-stdio.o)
                0x0000000008008c94                __sread
 .text.__swrite
                0x0000000008008cb6       0x38 c:/st/stm32cubeide_1.2.0/stm32cubeide/plugins/com.st.stm32cube.ide.mcu.externaltools.gnu-tools-for-stm32.7-2018-q2-update.win32_1.0.0.201904181610/tools/bin/../lib/gcc/arm-none-eabi/7.3.1/../../../../arm-none-eabi/lib/thumb/v7e-m/fpv4-sp/hard\libc_nano.a(lib_a-stdio.o)
                0x0000000008008cb6                __swrite
 .text.__sseek  0x0000000008008cee       0x24 c:/st/stm32cubeide_1.2.0/stm32cubeide/plugins/com.st.stm32cube.ide.mcu.externaltools.gnu-tools-for-stm32.7-2018-q2-update.win32_1.0.0.201904181610/tools/bin/../lib/gcc/arm-none-eabi/7.3.1/../../../../arm-none-eabi/lib/thumb/v7e-m/fpv4-sp/hard\libc_nano.a(lib_a-stdio.o)
                0x0000000008008cee                __sseek
 .text.__sclose
                0x0000000008008d12        0x8 c:/st/stm32cubeide_1.2.0/stm32cubeide/plugins/com.st.stm32cube.ide.mcu.externaltools.gnu-tools-for-stm32.7-2018-q2-update.win32_1.0.0.201904181610/tools/bin/../lib/gcc/arm-none-eabi/7.3.1/../../../../arm-none-eabi/lib/thumb/v7e-m/fpv4-sp/hard\libc_nano.a(lib_a-stdio.o)
                0x0000000008008d12                __sclose
 *fill*         0x0000000008008d1a        0x2 
 .text._write_r
                0x0000000008008d1c       0x24 c:/st/stm32cubeide_1.2.0/stm32cubeide/plugins/com.st.stm32cube.ide.mcu.externaltools.gnu-tools-for-stm32.7-2018-q2-update.win32_1.0.0.201904181610/tools/bin/../lib/gcc/arm-none-eabi/7.3.1/../../../../arm-none-eabi/lib/thumb/v7e-m/fpv4-sp/hard\libc_nano.a(lib_a-writer.o)
                0x0000000008008d1c                _write_r
 .text._close_r
                0x0000000008008d40       0x20 c:/st/stm32cubeide_1.2.0/stm32cubeide/plugins/com.st.stm32cube.ide.mcu.externaltools.gnu-tools-for-stm32.7-2018-q2-update.win32_1.0.0.201904181610/tools/bin/../lib/gcc/arm-none-eabi/7.3.1/../../../../arm-none-eabi/lib/thumb/v7e-m/fpv4-sp/hard\libc_nano.a(lib_a-closer.o)
                0x0000000008008d40                _close_r
 .text._fstat_r
                0x0000000008008d60       0x24 c:/st/stm32cubeide_1.2.0/stm32cubeide/plugins/com.st.stm32cube.ide.mcu.externaltools.gnu-tools-for-stm32.7-2018-q2-update.win32_1.0.0.201904181610/tools/bin/../lib/gcc/arm-none-eabi/7.3.1/../../../../arm-none-eabi/lib/thumb/v7e-m/fpv4-sp/hard\libc_nano.a(lib_a-fstatr.o)
                0x0000000008008d60                _fstat_r
 .text._isatty_r
                0x0000000008008d84       0x20 c:/st/stm32cubeide_1.2.0/stm32cubeide/plugins/com.st.stm32cube.ide.mcu.externaltools.gnu-tools-for-stm32.7-2018-q2-update.win32_1.0.0.201904181610/tools/bin/../lib/gcc/arm-none-eabi/7.3.1/../../../../arm-none-eabi/lib/thumb/v7e-m/fpv4-sp/hard\libc_nano.a(lib_a-isattyr.o)
                0x0000000008008d84                _isatty_r
 .text._lseek_r
                0x0000000008008da4       0x24 c:/st/stm32cubeide_1.2.0/stm32cubeide/plugins/com.st.stm32cube.ide.mcu.externaltools.gnu-tools-for-stm32.7-2018-q2-update.win32_1.0.0.201904181610/tools/bin/../lib/gcc/arm-none-eabi/7.3.1/../../../../arm-none-eabi/lib/thumb/v7e-m/fpv4-sp/hard\libc_nano.a(lib_a-lseekr.o)
                0x0000000008008da4                _lseek_r
 .text.__malloc_lock
                0x0000000008008dc8        0x2 c:/st/stm32cubeide_1.2.0/stm32cubeide/plugins/com.st.stm32cube.ide.mcu.externaltools.gnu-tools-for-stm32.7-2018-q2-update.win32_1.0.0.201904181610/tools/bin/../lib/gcc/arm-none-eabi/7.3.1/../../../../arm-none-eabi/lib/thumb/v7e-m/fpv4-sp/hard\libc_nano.a(lib_a-mlock.o)
                0x0000000008008dc8                __malloc_lock
 .text.__malloc_unlock
                0x0000000008008dca        0x2 c:/st/stm32cubeide_1.2.0/stm32cubeide/plugins/com.st.stm32cube.ide.mcu.externaltools.gnu-tools-for-stm32.7-2018-q2-update.win32_1.0.0.201904181610/tools/bin/../lib/gcc/arm-none-eabi/7.3.1/../../../../arm-none-eabi/lib/thumb/v7e-m/fpv4-sp/hard\libc_nano.a(lib_a-mlock.o)
                0x0000000008008dca                __malloc_unlock
 .text._read_r  0x0000000008008dcc       0x24 c:/st/stm32cubeide_1.2.0/stm32cubeide/plugins/com.st.stm32cube.ide.mcu.externaltools.gnu-tools-for-stm32.7-2018-q2-update.win32_1.0.0.201904181610/tools/bin/../lib/gcc/arm-none-eabi/7.3.1/../../../../arm-none-eabi/lib/thumb/v7e-m/fpv4-sp/hard\libc_nano.a(lib_a-readr.o)
                0x0000000008008dcc                _read_r
 *(.glue_7)
 .glue_7        0x0000000008008df0        0x0 linker stubs
 *(.glue_7t)
 .glue_7t       0x0000000008008df0        0x0 linker stubs
 *(.eh_frame)
 .eh_frame      0x0000000008008df0        0x0 c:/st/stm32cubeide_1.2.0/stm32cubeide/plugins/com.st.stm32cube.ide.mcu.externaltools.gnu-tools-for-stm32.7-2018-q2-update.win32_1.0.0.201904181610/tools/bin/../lib/gcc/arm-none-eabi/7.3.1/thumb/v7e-m/fpv4-sp/hard/crtbegin.o
 *(.init)
 .init          0x0000000008008df0        0x4 c:/st/stm32cubeide_1.2.0/stm32cubeide/plugins/com.st.stm32cube.ide.mcu.externaltools.gnu-tools-for-stm32.7-2018-q2-update.win32_1.0.0.201904181610/tools/bin/../lib/gcc/arm-none-eabi/7.3.1/thumb/v7e-m/fpv4-sp/hard/crti.o
                0x0000000008008df0                _init
 .init          0x0000000008008df4        0x8 c:/st/stm32cubeide_1.2.0/stm32cubeide/plugins/com.st.stm32cube.ide.mcu.externaltools.gnu-tools-for-stm32.7-2018-q2-update.win32_1.0.0.201904181610/tools/bin/../lib/gcc/arm-none-eabi/7.3.1/thumb/v7e-m/fpv4-sp/hard/crtn.o
 *(.fini)
 .fini          0x0000000008008dfc        0x4 c:/st/stm32cubeide_1.2.0/stm32cubeide/plugins/com.st.stm32cube.ide.mcu.externaltools.gnu-tools-for-stm32.7-2018-q2-update.win32_1.0.0.201904181610/tools/bin/../lib/gcc/arm-none-eabi/7.3.1/thumb/v7e-m/fpv4-sp/hard/crti.o
                0x0000000008008dfc                _fini
 .fini          0x0000000008008e00        0x8 c:/st/stm32cubeide_1.2.0/stm32cubeide/plugins/com.st.stm32cube.ide.mcu.externaltools.gnu-tools-for-stm32.7-2018-q2-update.win32_1.0.0.201904181610/tools/bin/../lib/gcc/arm-none-eabi/7.3.1/thumb/v7e-m/fpv4-sp/hard/crtn.o
                0x0000000008008e08                . = ALIGN (0x4)
                0x0000000008008e08                _etext = .

.vfp11_veneer   0x0000000008008e08        0x0
 .vfp11_veneer  0x0000000008008e08        0x0 linker stubs

.v4_bx          0x0000000008008e08        0x0
 .v4_bx         0x0000000008008e08        0x0 linker stubs

.iplt           0x0000000008008e08        0x0
 .iplt          0x0000000008008e08        0x0 c:/st/stm32cubeide_1.2.0/stm32cubeide/plugins/com.st.stm32cube.ide.mcu.externaltools.gnu-tools-for-stm32.7-2018-q2-update.win32_1.0.0.201904181610/tools/bin/../lib/gcc/arm-none-eabi/7.3.1/thumb/v7e-m/fpv4-sp/hard/crtbegin.o

.rodata         0x0000000008008e08      0x674
                0x0000000008008e08                . = ALIGN (0x4)
 *(.rodata)
 .rodata        0x0000000008008e08      0x10a Core/Src/main.o
 *fill*         0x0000000008008f12        0x2 
 .rodata        0x0000000008008f14       0x48 Middlewares/Third_Party/FatFs/src/ff.o
 *(.rodata*)
 .rodata.AHBPrescTable
                0x0000000008008f5c       0x10 Core/Src/system_stm32l4xx.o
                0x0000000008008f5c                AHBPrescTable
 .rodata.APBPrescTable
                0x0000000008008f6c        0x8 Core/Src/system_stm32l4xx.o
                0x0000000008008f6c                APBPrescTable
 .rodata.MSIRangeTable
                0x0000000008008f74       0x30 Core/Src/system_stm32l4xx.o
                0x0000000008008f74                MSIRangeTable
 .rodata.ExCvt  0x0000000008008fa4       0x80 Middlewares/Third_Party/FatFs/src/ff.o
 .rodata.LfnOfs
                0x0000000008009024        0xd Middlewares/Third_Party/FatFs/src/ff.o
 *fill*         0x0000000008009031        0x3 
 .rodata.Tbl    0x0000000008009034      0x100 Middlewares/Third_Party/FatFs/src/option/ccsbcs.o
 .rodata.cvt1.8956
                0x0000000008009134      0x1f2 Middlewares/Third_Party/FatFs/src/option/ccsbcs.o
 *fill*         0x0000000008009326        0x2 
 .rodata.cvt2.8957
                0x0000000008009328       0xbc Middlewares/Third_Party/FatFs/src/option/ccsbcs.o
 .rodata._global_impure_ptr
                0x00000000080093e4        0x4 c:/st/stm32cubeide_1.2.0/stm32cubeide/plugins/com.st.stm32cube.ide.mcu.externaltools.gnu-tools-for-stm32.7-2018-q2-update.win32_1.0.0.201904181610/tools/bin/../lib/gcc/arm-none-eabi/7.3.1/../../../../arm-none-eabi/lib/thumb/v7e-m/fpv4-sp/hard\libc_nano.a(lib_a-impure.o)
                0x00000000080093e4                _global_impure_ptr
 .rodata.__sf_fake_stderr
                0x00000000080093e8       0x20 c:/st/stm32cubeide_1.2.0/stm32cubeide/plugins/com.st.stm32cube.ide.mcu.externaltools.gnu-tools-for-stm32.7-2018-q2-update.win32_1.0.0.201904181610/tools/bin/../lib/gcc/arm-none-eabi/7.3.1/../../../../arm-none-eabi/lib/thumb/v7e-m/fpv4-sp/hard\libc_nano.a(lib_a-findfp.o)
                0x00000000080093e8                __sf_fake_stderr
 .rodata.__sf_fake_stdin
                0x0000000008009408       0x20 c:/st/stm32cubeide_1.2.0/stm32cubeide/plugins/com.st.stm32cube.ide.mcu.externaltools.gnu-tools-for-stm32.7-2018-q2-update.win32_1.0.0.201904181610/tools/bin/../lib/gcc/arm-none-eabi/7.3.1/../../../../arm-none-eabi/lib/thumb/v7e-m/fpv4-sp/hard\libc_nano.a(lib_a-findfp.o)
                0x0000000008009408                __sf_fake_stdin
 .rodata.__sf_fake_stdout
                0x0000000008009428       0x20 c:/st/stm32cubeide_1.2.0/stm32cubeide/plugins/com.st.stm32cube.ide.mcu.externaltools.gnu-tools-for-stm32.7-2018-q2-update.win32_1.0.0.201904181610/tools/bin/../lib/gcc/arm-none-eabi/7.3.1/../../../../arm-none-eabi/lib/thumb/v7e-m/fpv4-sp/hard\libc_nano.a(lib_a-findfp.o)
                0x0000000008009428                __sf_fake_stdout
 .rodata._vfprintf_r.str1.1
                0x0000000008009448       0x11 c:/st/stm32cubeide_1.2.0/stm32cubeide/plugins/com.st.stm32cube.ide.mcu.externaltools.gnu-tools-for-stm32.7-2018-q2-update.win32_1.0.0.201904181610/tools/bin/../lib/gcc/arm-none-eabi/7.3.1/../../../../arm-none-eabi/lib/thumb/v7e-m/fpv4-sp/hard\libc_nano.a(lib_a-nano-vfprintf.o)
 .rodata._printf_i.str1.1
                0x0000000008009459       0x22 c:/st/stm32cubeide_1.2.0/stm32cubeide/plugins/com.st.stm32cube.ide.mcu.externaltools.gnu-tools-for-stm32.7-2018-q2-update.win32_1.0.0.201904181610/tools/bin/../lib/gcc/arm-none-eabi/7.3.1/../../../../arm-none-eabi/lib/thumb/v7e-m/fpv4-sp/hard\libc_nano.a(lib_a-nano-vfprintf_i.o)
                0x000000000800947c                . = ALIGN (0x4)
 *fill*         0x000000000800947b        0x1 

.ARM.extab      0x000000000800947c        0x0
                0x000000000800947c                . = ALIGN (0x4)
 *(.ARM.extab* .gnu.linkonce.armextab.*)
                0x000000000800947c                . = ALIGN (0x4)

.ARM            0x000000000800947c        0x8
                0x000000000800947c                . = ALIGN (0x4)
                0x000000000800947c                __exidx_start = .
 *(.ARM.exidx*)
 .ARM.exidx     0x000000000800947c        0x8 c:/st/stm32cubeide_1.2.0/stm32cubeide/plugins/com.st.stm32cube.ide.mcu.externaltools.gnu-tools-for-stm32.7-2018-q2-update.win32_1.0.0.201904181610/tools/bin/../lib/gcc/arm-none-eabi/7.3.1/thumb/v7e-m/fpv4-sp/hard\libgcc.a(_udivmoddi4.o)
                0x0000000008009484                __exidx_end = .
                0x0000000008009484                . = ALIGN (0x4)

.rel.dyn        0x0000000008009484        0x0
 .rel.iplt      0x0000000008009484        0x0 c:/st/stm32cubeide_1.2.0/stm32cubeide/plugins/com.st.stm32cube.ide.mcu.externaltools.gnu-tools-for-stm32.7-2018-q2-update.win32_1.0.0.201904181610/tools/bin/../lib/gcc/arm-none-eabi/7.3.1/thumb/v7e-m/fpv4-sp/hard/crtbegin.o

.preinit_array  0x0000000008009484        0x0
                0x0000000008009484                . = ALIGN (0x4)
                0x0000000008009484                PROVIDE (__preinit_array_start = .)
 *(.preinit_array*)
                0x0000000008009484                PROVIDE (__preinit_array_end = .)
                0x0000000008009484                . = ALIGN (0x4)

.init_array     0x0000000008009484        0x4
                0x0000000008009484                . = ALIGN (0x4)
                0x0000000008009484                PROVIDE (__init_array_start = .)
 *(SORT_BY_NAME(.init_array.*))
 *(.init_array*)
 .init_array    0x0000000008009484        0x4 c:/st/stm32cubeide_1.2.0/stm32cubeide/plugins/com.st.stm32cube.ide.mcu.externaltools.gnu-tools-for-stm32.7-2018-q2-update.win32_1.0.0.201904181610/tools/bin/../lib/gcc/arm-none-eabi/7.3.1/thumb/v7e-m/fpv4-sp/hard/crtbegin.o
                0x0000000008009488                PROVIDE (__init_array_end = .)
                0x0000000008009488                . = ALIGN (0x4)

.fini_array     0x0000000008009488        0x4
                0x0000000008009488                . = ALIGN (0x4)
                [!provide]                        PROVIDE (__fini_array_start = .)
 *(SORT_BY_NAME(.fini_array.*))
 *(.fini_array*)
 .fini_array    0x0000000008009488        0x4 c:/st/stm32cubeide_1.2.0/stm32cubeide/plugins/com.st.stm32cube.ide.mcu.externaltools.gnu-tools-for-stm32.7-2018-q2-update.win32_1.0.0.201904181610/tools/bin/../lib/gcc/arm-none-eabi/7.3.1/thumb/v7e-m/fpv4-sp/hard/crtbegin.o
                [!provide]                        PROVIDE (__fini_array_end = .)
                0x000000000800948c                . = ALIGN (0x4)
                0x000000000800948c                _sidata = LOADADDR (.data)

.data           0x0000000020000000       0x88 load address 0x000000000800948c
                0x0000000020000000                . = ALIGN (0x4)
                0x0000000020000000                _sdata = .
 *(.data)
 *(.data*)
 .data.Stat     0x0000000020000000        0x1 Core/Src/fatfs_sd.o
 *fill*         0x0000000020000001        0x3 
 .data.SystemCoreClock
                0x0000000020000004        0x4 Core/Src/system_stm32l4xx.o
                0x0000000020000004                SystemCoreClock
 .data.uwTickPrio
                0x0000000020000008        0x4 Drivers/STM32L4xx_HAL_Driver/Src/stm32l4xx_hal.o
                0x0000000020000008                uwTickPrio
 .data.uwTickFreq
                0x000000002000000c        0x4 Drivers/STM32L4xx_HAL_Driver/Src/stm32l4xx_hal.o
                0x000000002000000c                uwTickFreq
 .data.USER_Driver
                0x0000000020000010       0x14 FATFS/Target/user_diskio.o
                0x0000000020000010                USER_Driver
 .data._impure_ptr
                0x0000000020000024        0x4 c:/st/stm32cubeide_1.2.0/stm32cubeide/plugins/com.st.stm32cube.ide.mcu.externaltools.gnu-tools-for-stm32.7-2018-q2-update.win32_1.0.0.201904181610/tools/bin/../lib/gcc/arm-none-eabi/7.3.1/../../../../arm-none-eabi/lib/thumb/v7e-m/fpv4-sp/hard\libc_nano.a(lib_a-impure.o)
                0x0000000020000024                _impure_ptr
 .data.impure_data
                0x0000000020000028       0x60 c:/st/stm32cubeide_1.2.0/stm32cubeide/plugins/com.st.stm32cube.ide.mcu.externaltools.gnu-tools-for-stm32.7-2018-q2-update.win32_1.0.0.201904181610/tools/bin/../lib/gcc/arm-none-eabi/7.3.1/../../../../arm-none-eabi/lib/thumb/v7e-m/fpv4-sp/hard\libc_nano.a(lib_a-impure.o)
                0x0000000020000088                . = ALIGN (0x4)
                0x0000000020000088                _edata = .

.igot.plt       0x0000000020000088        0x0 load address 0x0000000008009514
 .igot.plt      0x0000000020000088        0x0 c:/st/stm32cubeide_1.2.0/stm32cubeide/plugins/com.st.stm32cube.ide.mcu.externaltools.gnu-tools-for-stm32.7-2018-q2-update.win32_1.0.0.201904181610/tools/bin/../lib/gcc/arm-none-eabi/7.3.1/thumb/v7e-m/fpv4-sp/hard/crtbegin.o
                0x0000000020000088                . = ALIGN (0x4)

.bss            0x0000000020000088     0x45e0 load address 0x0000000008009514
                0x0000000020000088                _sbss = .
                0x0000000020000088                __bss_start__ = _sbss
 *(.bss)
 .bss           0x0000000020000088       0x1c c:/st/stm32cubeide_1.2.0/stm32cubeide/plugins/com.st.stm32cube.ide.mcu.externaltools.gnu-tools-for-stm32.7-2018-q2-update.win32_1.0.0.201904181610/tools/bin/../lib/gcc/arm-none-eabi/7.3.1/thumb/v7e-m/fpv4-sp/hard/crtbegin.o
 *(.bss*)
 .bss.CardType  0x00000000200000a4        0x1 Core/Src/fatfs_sd.o
 .bss.PowerFlag
                0x00000000200000a5        0x1 Core/Src/fatfs_sd.o
 .bss.FatFsCnt  0x00000000200000a6        0x1 Core/Src/main.o
                0x00000000200000a6                FatFsCnt
 *fill*         0x00000000200000a7        0x1 
 .bss.heap_end.6424
                0x00000000200000a8        0x4 Core/Src/sysmem.o
 .bss.FatFs     0x00000000200000ac        0x4 Middlewares/Third_Party/FatFs/src/ff.o
 .bss.Fsid      0x00000000200000b0        0x2 Middlewares/Third_Party/FatFs/src/ff.o
 *fill*         0x00000000200000b2        0x2 
 .bss.Files     0x00000000200000b4       0x20 Middlewares/Third_Party/FatFs/src/ff.o
 .bss.LfnBuf    0x00000000200000d4      0x200 Middlewares/Third_Party/FatFs/src/ff.o
 .bss.disk      0x00000000200002d4        0xc Middlewares/Third_Party/FatFs/src/ff_gen_drv.o
                0x00000000200002d4                disk
 .bss.__malloc_free_list
                0x00000000200002e0        0x4 c:/st/stm32cubeide_1.2.0/stm32cubeide/plugins/com.st.stm32cube.ide.mcu.externaltools.gnu-tools-for-stm32.7-2018-q2-update.win32_1.0.0.201904181610/tools/bin/../lib/gcc/arm-none-eabi/7.3.1/../../../../arm-none-eabi/lib/thumb/v7e-m/fpv4-sp/hard\libc_nano.a(lib_a-nano-mallocr.o)
                0x00000000200002e0                __malloc_free_list
 .bss.__malloc_sbrk_start
                0x00000000200002e4        0x4 c:/st/stm32cubeide_1.2.0/stm32cubeide/plugins/com.st.stm32cube.ide.mcu.externaltools.gnu-tools-for-stm32.7-2018-q2-update.win32_1.0.0.201904181610/tools/bin/../lib/gcc/arm-none-eabi/7.3.1/../../../../arm-none-eabi/lib/thumb/v7e-m/fpv4-sp/hard\libc_nano.a(lib_a-nano-mallocr.o)
                0x00000000200002e4                __malloc_sbrk_start
 *(COMMON)
 COMMON         0x00000000200002e8     0x2308 Core/Src/main.o
                0x00000000200002e8                fre_clust
                0x00000000200002ec                fno
                0x0000000020000404                fs
                0x000000002000143c                br
                0x0000000020001440                free_space
                0x0000000020001444                buffer
                0x00000000200014c4                bw
                0x00000000200014c8                Timer2
                0x00000000200014cc                pfs
                0x00000000200014d0                fresult
                0x00000000200014d4                hspi1
                0x0000000020001538                huart2
                0x00000000200015b8                total
                0x00000000200015bc                Timer1
                0x00000000200015c0                fil
 COMMON         0x00000000200025f0        0x4 Drivers/STM32L4xx_HAL_Driver/Src/stm32l4xx_hal.o
                0x00000000200025f0                uwTick
 COMMON         0x00000000200025f4     0x2070 FATFS/App/fatfs.o
                0x00000000200025f4                USERPath
                0x00000000200025f8                retUSER
                0x00000000200025fc                USERFile
                0x000000002000362c                USERFatFS
 COMMON         0x0000000020004664        0x4 c:/st/stm32cubeide_1.2.0/stm32cubeide/plugins/com.st.stm32cube.ide.mcu.externaltools.gnu-tools-for-stm32.7-2018-q2-update.win32_1.0.0.201904181610/tools/bin/../lib/gcc/arm-none-eabi/7.3.1/../../../../arm-none-eabi/lib/thumb/v7e-m/fpv4-sp/hard\libc_nano.a(lib_a-reent.o)
                0x0000000020004664                errno
                0x0000000020004668                . = ALIGN (0x4)
                0x0000000020004668                _ebss = .
                0x0000000020004668                __bss_end__ = _ebss

._user_heap_stack
                0x0000000020004668      0x600 load address 0x0000000008009514
                0x0000000020004668                . = ALIGN (0x8)
                0x0000000020004668                PROVIDE (end = .)
                [!provide]                        PROVIDE (_end = .)
                0x0000000020004868                . = (. + _Min_Heap_Size)
 *fill*         0x0000000020004668      0x200 
                0x0000000020004c68                . = (. + _Min_Stack_Size)
 *fill*         0x0000000020004868      0x400 
                0x0000000020004c68                . = ALIGN (0x8)

/DISCARD/
 libc.a(*)
 libm.a(*)
 libgcc.a(*)

.ARM.attributes
                0x0000000000000000       0x30
 *(.ARM.attributes)
 .ARM.attributes
                0x0000000000000000       0x22 c:/st/stm32cubeide_1.2.0/stm32cubeide/plugins/com.st.stm32cube.ide.mcu.externaltools.gnu-tools-for-stm32.7-2018-q2-update.win32_1.0.0.201904181610/tools/bin/../lib/gcc/arm-none-eabi/7.3.1/thumb/v7e-m/fpv4-sp/hard/crti.o
 .ARM.attributes
                0x0000000000000022       0x34 c:/st/stm32cubeide_1.2.0/stm32cubeide/plugins/com.st.stm32cube.ide.mcu.externaltools.gnu-tools-for-stm32.7-2018-q2-update.win32_1.0.0.201904181610/tools/bin/../lib/gcc/arm-none-eabi/7.3.1/thumb/v7e-m/fpv4-sp/hard/crtbegin.o
 .ARM.attributes
                0x0000000000000056       0x39 Core/Src/fatfs_sd.o
 .ARM.attributes
                0x000000000000008f       0x39 Core/Src/main.o
 .ARM.attributes
                0x00000000000000c8       0x39 Core/Src/stm32l4xx_hal_msp.o
 .ARM.attributes
                0x0000000000000101       0x39 Core/Src/stm32l4xx_it.o
 .ARM.attributes
                0x000000000000013a       0x39 Core/Src/syscalls.o
 .ARM.attributes
                0x0000000000000173       0x39 Core/Src/sysmem.o
 .ARM.attributes
                0x00000000000001ac       0x39 Core/Src/system_stm32l4xx.o
 .ARM.attributes
                0x00000000000001e5       0x21 Core/Startup/startup_stm32l433ccux.o
 .ARM.attributes
                0x0000000000000206       0x39 Drivers/STM32L4xx_HAL_Driver/Src/stm32l4xx_hal.o
 .ARM.attributes
                0x000000000000023f       0x39 Drivers/STM32L4xx_HAL_Driver/Src/stm32l4xx_hal_cortex.o
 .ARM.attributes
                0x0000000000000278       0x39 Drivers/STM32L4xx_HAL_Driver/Src/stm32l4xx_hal_dma.o
 .ARM.attributes
                0x00000000000002b1       0x39 Drivers/STM32L4xx_HAL_Driver/Src/stm32l4xx_hal_gpio.o
 .ARM.attributes
                0x00000000000002ea       0x39 Drivers/STM32L4xx_HAL_Driver/Src/stm32l4xx_hal_pwr_ex.o
 .ARM.attributes
                0x0000000000000323       0x39 Drivers/STM32L4xx_HAL_Driver/Src/stm32l4xx_hal_rcc.o
 .ARM.attributes
                0x000000000000035c       0x39 Drivers/STM32L4xx_HAL_Driver/Src/stm32l4xx_hal_rcc_ex.o
 .ARM.attributes
                0x0000000000000395       0x39 Drivers/STM32L4xx_HAL_Driver/Src/stm32l4xx_hal_spi.o
 .ARM.attributes
                0x00000000000003ce       0x39 Drivers/STM32L4xx_HAL_Driver/Src/stm32l4xx_hal_uart.o
 .ARM.attributes
                0x0000000000000407       0x39 Drivers/STM32L4xx_HAL_Driver/Src/stm32l4xx_hal_uart_ex.o
 .ARM.attributes
                0x0000000000000440       0x39 FATFS/App/fatfs.o
 .ARM.attributes
                0x0000000000000479       0x39 FATFS/Target/user_diskio.o
 .ARM.attributes
                0x00000000000004b2       0x39 Middlewares/Third_Party/FatFs/src/diskio.o
 .ARM.attributes
                0x00000000000004eb       0x39 Middlewares/Third_Party/FatFs/src/ff.o
 .ARM.attributes
                0x0000000000000524       0x39 Middlewares/Third_Party/FatFs/src/ff_gen_drv.o
 .ARM.attributes
                0x000000000000055d       0x39 Middlewares/Third_Party/FatFs/src/option/ccsbcs.o
 .ARM.attributes
                0x0000000000000596       0x34 c:/st/stm32cubeide_1.2.0/stm32cubeide/plugins/com.st.stm32cube.ide.mcu.externaltools.gnu-tools-for-stm32.7-2018-q2-update.win32_1.0.0.201904181610/tools/bin/../lib/gcc/arm-none-eabi/7.3.1/../../../../arm-none-eabi/lib/thumb/v7e-m/fpv4-sp/hard\libc_nano.a(lib_a-errno.o)
 .ARM.attributes
                0x00000000000005ca       0x34 c:/st/stm32cubeide_1.2.0/stm32cubeide/plugins/com.st.stm32cube.ide.mcu.externaltools.gnu-tools-for-stm32.7-2018-q2-update.win32_1.0.0.201904181610/tools/bin/../lib/gcc/arm-none-eabi/7.3.1/../../../../arm-none-eabi/lib/thumb/v7e-m/fpv4-sp/hard\libc_nano.a(lib_a-impure.o)
 .ARM.attributes
                0x00000000000005fe       0x34 c:/st/stm32cubeide_1.2.0/stm32cubeide/plugins/com.st.stm32cube.ide.mcu.externaltools.gnu-tools-for-stm32.7-2018-q2-update.win32_1.0.0.201904181610/tools/bin/../lib/gcc/arm-none-eabi/7.3.1/../../../../arm-none-eabi/lib/thumb/v7e-m/fpv4-sp/hard\libc_nano.a(lib_a-init.o)
 .ARM.attributes
                0x0000000000000632       0x34 c:/st/stm32cubeide_1.2.0/stm32cubeide/plugins/com.st.stm32cube.ide.mcu.externaltools.gnu-tools-for-stm32.7-2018-q2-update.win32_1.0.0.201904181610/tools/bin/../lib/gcc/arm-none-eabi/7.3.1/../../../../arm-none-eabi/lib/thumb/v7e-m/fpv4-sp/hard\libc_nano.a(lib_a-memset.o)
 .ARM.attributes
                0x0000000000000666       0x34 c:/st/stm32cubeide_1.2.0/stm32cubeide/plugins/com.st.stm32cube.ide.mcu.externaltools.gnu-tools-for-stm32.7-2018-q2-update.win32_1.0.0.201904181610/tools/bin/../lib/gcc/arm-none-eabi/7.3.1/../../../../arm-none-eabi/lib/thumb/v7e-m/fpv4-sp/hard\libc_nano.a(lib_a-printf.o)
 .ARM.attributes
                0x000000000000069a       0x34 c:/st/stm32cubeide_1.2.0/stm32cubeide/plugins/com.st.stm32cube.ide.mcu.externaltools.gnu-tools-for-stm32.7-2018-q2-update.win32_1.0.0.201904181610/tools/bin/../lib/gcc/arm-none-eabi/7.3.1/../../../../arm-none-eabi/lib/thumb/v7e-m/fpv4-sp/hard\libc_nano.a(lib_a-puts.o)
 .ARM.attributes
                0x00000000000006ce       0x34 c:/st/stm32cubeide_1.2.0/stm32cubeide/plugins/com.st.stm32cube.ide.mcu.externaltools.gnu-tools-for-stm32.7-2018-q2-update.win32_1.0.0.201904181610/tools/bin/../lib/gcc/arm-none-eabi/7.3.1/../../../../arm-none-eabi/lib/thumb/v7e-m/fpv4-sp/hard\libc_nano.a(lib_a-wbuf.o)
 .ARM.attributes
                0x0000000000000702       0x34 c:/st/stm32cubeide_1.2.0/stm32cubeide/plugins/com.st.stm32cube.ide.mcu.externaltools.gnu-tools-for-stm32.7-2018-q2-update.win32_1.0.0.201904181610/tools/bin/../lib/gcc/arm-none-eabi/7.3.1/../../../../arm-none-eabi/lib/thumb/v7e-m/fpv4-sp/hard\libc_nano.a(lib_a-wsetup.o)
 .ARM.attributes
                0x0000000000000736       0x34 c:/st/stm32cubeide_1.2.0/stm32cubeide/plugins/com.st.stm32cube.ide.mcu.externaltools.gnu-tools-for-stm32.7-2018-q2-update.win32_1.0.0.201904181610/tools/bin/../lib/gcc/arm-none-eabi/7.3.1/../../../../arm-none-eabi/lib/thumb/v7e-m/fpv4-sp/hard\libc_nano.a(lib_a-fflush.o)
 .ARM.attributes
                0x000000000000076a       0x34 c:/st/stm32cubeide_1.2.0/stm32cubeide/plugins/com.st.stm32cube.ide.mcu.externaltools.gnu-tools-for-stm32.7-2018-q2-update.win32_1.0.0.201904181610/tools/bin/../lib/gcc/arm-none-eabi/7.3.1/../../../../arm-none-eabi/lib/thumb/v7e-m/fpv4-sp/hard\libc_nano.a(lib_a-findfp.o)
 .ARM.attributes
                0x000000000000079e       0x34 c:/st/stm32cubeide_1.2.0/stm32cubeide/plugins/com.st.stm32cube.ide.mcu.externaltools.gnu-tools-for-stm32.7-2018-q2-update.win32_1.0.0.201904181610/tools/bin/../lib/gcc/arm-none-eabi/7.3.1/../../../../arm-none-eabi/lib/thumb/v7e-m/fpv4-sp/hard\libc_nano.a(lib_a-fwalk.o)
 .ARM.attributes
                0x00000000000007d2       0x34 c:/st/stm32cubeide_1.2.0/stm32cubeide/plugins/com.st.stm32cube.ide.mcu.externaltools.gnu-tools-for-stm32.7-2018-q2-update.win32_1.0.0.201904181610/tools/bin/../lib/gcc/arm-none-eabi/7.3.1/../../../../arm-none-eabi/lib/thumb/v7e-m/fpv4-sp/hard\libc_nano.a(lib_a-makebuf.o)
 .ARM.attributes
                0x0000000000000806       0x34 c:/st/stm32cubeide_1.2.0/stm32cubeide/plugins/com.st.stm32cube.ide.mcu.externaltools.gnu-tools-for-stm32.7-2018-q2-update.win32_1.0.0.201904181610/tools/bin/../lib/gcc/arm-none-eabi/7.3.1/../../../../arm-none-eabi/lib/thumb/v7e-m/fpv4-sp/hard\libc_nano.a(lib_a-nano-freer.o)
 .ARM.attributes
                0x000000000000083a       0x34 c:/st/stm32cubeide_1.2.0/stm32cubeide/plugins/com.st.stm32cube.ide.mcu.externaltools.gnu-tools-for-stm32.7-2018-q2-update.win32_1.0.0.201904181610/tools/bin/../lib/gcc/arm-none-eabi/7.3.1/../../../../arm-none-eabi/lib/thumb/v7e-m/fpv4-sp/hard\libc_nano.a(lib_a-nano-mallocr.o)
 .ARM.attributes
                0x000000000000086e       0x34 c:/st/stm32cubeide_1.2.0/stm32cubeide/plugins/com.st.stm32cube.ide.mcu.externaltools.gnu-tools-for-stm32.7-2018-q2-update.win32_1.0.0.201904181610/tools/bin/../lib/gcc/arm-none-eabi/7.3.1/../../../../arm-none-eabi/lib/thumb/v7e-m/fpv4-sp/hard\libc_nano.a(lib_a-nano-vfprintf.o)
 .ARM.attributes
                0x00000000000008a2       0x34 c:/st/stm32cubeide_1.2.0/stm32cubeide/plugins/com.st.stm32cube.ide.mcu.externaltools.gnu-tools-for-stm32.7-2018-q2-update.win32_1.0.0.201904181610/tools/bin/../lib/gcc/arm-none-eabi/7.3.1/../../../../arm-none-eabi/lib/thumb/v7e-m/fpv4-sp/hard\libc_nano.a(lib_a-nano-vfprintf_i.o)
 .ARM.attributes
                0x00000000000008d6       0x34 c:/st/stm32cubeide_1.2.0/stm32cubeide/plugins/com.st.stm32cube.ide.mcu.externaltools.gnu-tools-for-stm32.7-2018-q2-update.win32_1.0.0.201904181610/tools/bin/../lib/gcc/arm-none-eabi/7.3.1/../../../../arm-none-eabi/lib/thumb/v7e-m/fpv4-sp/hard\libc_nano.a(lib_a-sbrkr.o)
 .ARM.attributes
                0x000000000000090a       0x34 c:/st/stm32cubeide_1.2.0/stm32cubeide/plugins/com.st.stm32cube.ide.mcu.externaltools.gnu-tools-for-stm32.7-2018-q2-update.win32_1.0.0.201904181610/tools/bin/../lib/gcc/arm-none-eabi/7.3.1/../../../../arm-none-eabi/lib/thumb/v7e-m/fpv4-sp/hard\libc_nano.a(lib_a-stdio.o)
 .ARM.attributes
                0x000000000000093e       0x34 c:/st/stm32cubeide_1.2.0/stm32cubeide/plugins/com.st.stm32cube.ide.mcu.externaltools.gnu-tools-for-stm32.7-2018-q2-update.win32_1.0.0.201904181610/tools/bin/../lib/gcc/arm-none-eabi/7.3.1/../../../../arm-none-eabi/lib/thumb/v7e-m/fpv4-sp/hard\libc_nano.a(lib_a-writer.o)
 .ARM.attributes
                0x0000000000000972       0x34 c:/st/stm32cubeide_1.2.0/stm32cubeide/plugins/com.st.stm32cube.ide.mcu.externaltools.gnu-tools-for-stm32.7-2018-q2-update.win32_1.0.0.201904181610/tools/bin/../lib/gcc/arm-none-eabi/7.3.1/../../../../arm-none-eabi/lib/thumb/v7e-m/fpv4-sp/hard\libc_nano.a(lib_a-closer.o)
 .ARM.attributes
                0x00000000000009a6       0x34 c:/st/stm32cubeide_1.2.0/stm32cubeide/plugins/com.st.stm32cube.ide.mcu.externaltools.gnu-tools-for-stm32.7-2018-q2-update.win32_1.0.0.201904181610/tools/bin/../lib/gcc/arm-none-eabi/7.3.1/../../../../arm-none-eabi/lib/thumb/v7e-m/fpv4-sp/hard\libc_nano.a(lib_a-fstatr.o)
 .ARM.attributes
                0x00000000000009da       0x34 c:/st/stm32cubeide_1.2.0/stm32cubeide/plugins/com.st.stm32cube.ide.mcu.externaltools.gnu-tools-for-stm32.7-2018-q2-update.win32_1.0.0.201904181610/tools/bin/../lib/gcc/arm-none-eabi/7.3.1/../../../../arm-none-eabi/lib/thumb/v7e-m/fpv4-sp/hard\libc_nano.a(lib_a-isattyr.o)
 .ARM.attributes
                0x0000000000000a0e       0x34 c:/st/stm32cubeide_1.2.0/stm32cubeide/plugins/com.st.stm32cube.ide.mcu.externaltools.gnu-tools-for-stm32.7-2018-q2-update.win32_1.0.0.201904181610/tools/bin/../lib/gcc/arm-none-eabi/7.3.1/../../../../arm-none-eabi/lib/thumb/v7e-m/fpv4-sp/hard\libc_nano.a(lib_a-lseekr.o)
 .ARM.attributes
                0x0000000000000a42       0x20 c:/st/stm32cubeide_1.2.0/stm32cubeide/plugins/com.st.stm32cube.ide.mcu.externaltools.gnu-tools-for-stm32.7-2018-q2-update.win32_1.0.0.201904181610/tools/bin/../lib/gcc/arm-none-eabi/7.3.1/../../../../arm-none-eabi/lib/thumb/v7e-m/fpv4-sp/hard\libc_nano.a(lib_a-memchr.o)
 .ARM.attributes
                0x0000000000000a62       0x34 c:/st/stm32cubeide_1.2.0/stm32cubeide/plugins/com.st.stm32cube.ide.mcu.externaltools.gnu-tools-for-stm32.7-2018-q2-update.win32_1.0.0.201904181610/tools/bin/../lib/gcc/arm-none-eabi/7.3.1/../../../../arm-none-eabi/lib/thumb/v7e-m/fpv4-sp/hard\libc_nano.a(lib_a-mlock.o)
 .ARM.attributes
                0x0000000000000a96       0x34 c:/st/stm32cubeide_1.2.0/stm32cubeide/plugins/com.st.stm32cube.ide.mcu.externaltools.gnu-tools-for-stm32.7-2018-q2-update.win32_1.0.0.201904181610/tools/bin/../lib/gcc/arm-none-eabi/7.3.1/../../../../arm-none-eabi/lib/thumb/v7e-m/fpv4-sp/hard\libc_nano.a(lib_a-readr.o)
 .ARM.attributes
                0x0000000000000aca       0x34 c:/st/stm32cubeide_1.2.0/stm32cubeide/plugins/com.st.stm32cube.ide.mcu.externaltools.gnu-tools-for-stm32.7-2018-q2-update.win32_1.0.0.201904181610/tools/bin/../lib/gcc/arm-none-eabi/7.3.1/../../../../arm-none-eabi/lib/thumb/v7e-m/fpv4-sp/hard\libc_nano.a(lib_a-reent.o)
 .ARM.attributes
                0x0000000000000afe       0x22 c:/st/stm32cubeide_1.2.0/stm32cubeide/plugins/com.st.stm32cube.ide.mcu.externaltools.gnu-tools-for-stm32.7-2018-q2-update.win32_1.0.0.201904181610/tools/bin/../lib/gcc/arm-none-eabi/7.3.1/thumb/v7e-m/fpv4-sp/hard\libgcc.a(_aeabi_uldivmod.o)
 .ARM.attributes
                0x0000000000000b20       0x34 c:/st/stm32cubeide_1.2.0/stm32cubeide/plugins/com.st.stm32cube.ide.mcu.externaltools.gnu-tools-for-stm32.7-2018-q2-update.win32_1.0.0.201904181610/tools/bin/../lib/gcc/arm-none-eabi/7.3.1/thumb/v7e-m/fpv4-sp/hard\libgcc.a(_udivmoddi4.o)
 .ARM.attributes
                0x0000000000000b54       0x22 c:/st/stm32cubeide_1.2.0/stm32cubeide/plugins/com.st.stm32cube.ide.mcu.externaltools.gnu-tools-for-stm32.7-2018-q2-update.win32_1.0.0.201904181610/tools/bin/../lib/gcc/arm-none-eabi/7.3.1/thumb/v7e-m/fpv4-sp/hard\libgcc.a(_dvmd_tls.o)
 .ARM.attributes
                0x0000000000000b76       0x22 c:/st/stm32cubeide_1.2.0/stm32cubeide/plugins/com.st.stm32cube.ide.mcu.externaltools.gnu-tools-for-stm32.7-2018-q2-update.win32_1.0.0.201904181610/tools/bin/../lib/gcc/arm-none-eabi/7.3.1/thumb/v7e-m/fpv4-sp/hard/crtn.o
OUTPUT(SD_STM32L433CCU.elf elf32-littlearm)

.debug_info     0x0000000000000000    0x165dd
 .debug_info    0x0000000000000000      0xcda Core/Src/fatfs_sd.o
 .debug_info    0x0000000000000cda     0x1f76 Core/Src/main.o
 .debug_info    0x0000000000002c50     0x1033 Core/Src/stm32l4xx_hal_msp.o
 .debug_info    0x0000000000003c83      0xac0 Core/Src/stm32l4xx_it.o
 .debug_info    0x0000000000004743      0xebd Core/Src/syscalls.o
 .debug_info    0x0000000000005600      0x91c Core/Src/sysmem.o
 .debug_info    0x0000000000005f1c      0x703 Core/Src/system_stm32l4xx.o
 .debug_info    0x000000000000661f       0x22 Core/Startup/startup_stm32l433ccux.o
 .debug_info    0x0000000000006641      0xb93 Drivers/STM32L4xx_HAL_Driver/Src/stm32l4xx_hal.o
 .debug_info    0x00000000000071d4      0xee2 Drivers/STM32L4xx_HAL_Driver/Src/stm32l4xx_hal_cortex.o
 .debug_info    0x00000000000080b6      0x8c1 Drivers/STM32L4xx_HAL_Driver/Src/stm32l4xx_hal_dma.o
 .debug_info    0x0000000000008977      0x982 Drivers/STM32L4xx_HAL_Driver/Src/stm32l4xx_hal_gpio.o
 .debug_info    0x00000000000092f9      0xaaa Drivers/STM32L4xx_HAL_Driver/Src/stm32l4xx_hal_pwr_ex.o
 .debug_info    0x0000000000009da3      0xcad Drivers/STM32L4xx_HAL_Driver/Src/stm32l4xx_hal_rcc.o
 .debug_info    0x000000000000aa50      0xff2 Drivers/STM32L4xx_HAL_Driver/Src/stm32l4xx_hal_rcc_ex.o
 .debug_info    0x000000000000ba42     0x1702 Drivers/STM32L4xx_HAL_Driver/Src/stm32l4xx_hal_spi.o
 .debug_info    0x000000000000d144     0x181b Drivers/STM32L4xx_HAL_Driver/Src/stm32l4xx_hal_uart.o
 .debug_info    0x000000000000e95f      0xa06 Drivers/STM32L4xx_HAL_Driver/Src/stm32l4xx_hal_uart_ex.o
 .debug_info    0x000000000000f365      0xeb8 FATFS/App/fatfs.o
 .debug_info    0x000000000001021d      0xd37 FATFS/Target/user_diskio.o
 .debug_info    0x0000000000010f54      0xdea Middlewares/Third_Party/FatFs/src/diskio.o
 .debug_info    0x0000000000011d3e     0x2f48 Middlewares/Third_Party/FatFs/src/ff.o
 .debug_info    0x0000000000014c86      0xd82 Middlewares/Third_Party/FatFs/src/ff_gen_drv.o
 .debug_info    0x0000000000015a08      0xbd5 Middlewares/Third_Party/FatFs/src/option/ccsbcs.o

.debug_abbrev   0x0000000000000000     0x2f47
 .debug_abbrev  0x0000000000000000      0x262 Core/Src/fatfs_sd.o
 .debug_abbrev  0x0000000000000262      0x2ff Core/Src/main.o
 .debug_abbrev  0x0000000000000561      0x195 Core/Src/stm32l4xx_hal_msp.o
 .debug_abbrev  0x00000000000006f6      0x158 Core/Src/stm32l4xx_it.o
 .debug_abbrev  0x000000000000084e      0x261 Core/Src/syscalls.o
 .debug_abbrev  0x0000000000000aaf      0x1bb Core/Src/sysmem.o
 .debug_abbrev  0x0000000000000c6a      0x150 Core/Src/system_stm32l4xx.o
 .debug_abbrev  0x0000000000000dba       0x12 Core/Startup/startup_stm32l433ccux.o
 .debug_abbrev  0x0000000000000dcc      0x1fb Drivers/STM32L4xx_HAL_Driver/Src/stm32l4xx_hal.o
 .debug_abbrev  0x0000000000000fc7      0x2fa Drivers/STM32L4xx_HAL_Driver/Src/stm32l4xx_hal_cortex.o
 .debug_abbrev  0x00000000000012c1      0x1d9 Drivers/STM32L4xx_HAL_Driver/Src/stm32l4xx_hal_dma.o
 .debug_abbrev  0x000000000000149a      0x1c0 Drivers/STM32L4xx_HAL_Driver/Src/stm32l4xx_hal_gpio.o
 .debug_abbrev  0x000000000000165a      0x1cb Drivers/STM32L4xx_HAL_Driver/Src/stm32l4xx_hal_pwr_ex.o
 .debug_abbrev  0x0000000000001825      0x245 Drivers/STM32L4xx_HAL_Driver/Src/stm32l4xx_hal_rcc.o
 .debug_abbrev  0x0000000000001a6a      0x238 Drivers/STM32L4xx_HAL_Driver/Src/stm32l4xx_hal_rcc_ex.o
 .debug_abbrev  0x0000000000001ca2      0x228 Drivers/STM32L4xx_HAL_Driver/Src/stm32l4xx_hal_spi.o
 .debug_abbrev  0x0000000000001eca      0x205 Drivers/STM32L4xx_HAL_Driver/Src/stm32l4xx_hal_uart.o
 .debug_abbrev  0x00000000000020cf      0x1e2 Drivers/STM32L4xx_HAL_Driver/Src/stm32l4xx_hal_uart_ex.o
 .debug_abbrev  0x00000000000022b1      0x1df FATFS/App/fatfs.o
 .debug_abbrev  0x0000000000002490      0x1f1 FATFS/Target/user_diskio.o
 .debug_abbrev  0x0000000000002681      0x209 Middlewares/Third_Party/FatFs/src/diskio.o
 .debug_abbrev  0x000000000000288a      0x298 Middlewares/Third_Party/FatFs/src/ff.o
 .debug_abbrev  0x0000000000002b22      0x236 Middlewares/Third_Party/FatFs/src/ff_gen_drv.o
 .debug_abbrev  0x0000000000002d58      0x1ef Middlewares/Third_Party/FatFs/src/option/ccsbcs.o

.debug_aranges  0x0000000000000000     0x1018
 .debug_aranges
                0x0000000000000000       0xa0 Core/Src/fatfs_sd.o
 .debug_aranges
                0x00000000000000a0       0x68 Core/Src/main.o
 .debug_aranges
                0x0000000000000108       0x40 Core/Src/stm32l4xx_hal_msp.o
 .debug_aranges
                0x0000000000000148       0x68 Core/Src/stm32l4xx_it.o
 .debug_aranges
                0x00000000000001b0       0xa8 Core/Src/syscalls.o
 .debug_aranges
                0x0000000000000258       0x20 Core/Src/sysmem.o
 .debug_aranges
                0x0000000000000278       0x28 Core/Src/system_stm32l4xx.o
 .debug_aranges
                0x00000000000002a0       0x28 Core/Startup/startup_stm32l433ccux.o
 .debug_aranges
                0x00000000000002c8      0x130 Drivers/STM32L4xx_HAL_Driver/Src/stm32l4xx_hal.o
 .debug_aranges
                0x00000000000003f8      0x118 Drivers/STM32L4xx_HAL_Driver/Src/stm32l4xx_hal_cortex.o
 .debug_aranges
                0x0000000000000510       0x80 Drivers/STM32L4xx_HAL_Driver/Src/stm32l4xx_hal_dma.o
 .debug_aranges
                0x0000000000000590       0x58 Drivers/STM32L4xx_HAL_Driver/Src/stm32l4xx_hal_gpio.o
 .debug_aranges
                0x00000000000005e8      0x128 Drivers/STM32L4xx_HAL_Driver/Src/stm32l4xx_hal_pwr_ex.o
 .debug_aranges
                0x0000000000000710       0x88 Drivers/STM32L4xx_HAL_Driver/Src/stm32l4xx_hal_rcc.o
 .debug_aranges
                0x0000000000000798       0xf0 Drivers/STM32L4xx_HAL_Driver/Src/stm32l4xx_hal_rcc_ex.o
 .debug_aranges
                0x0000000000000888      0x1d8 Drivers/STM32L4xx_HAL_Driver/Src/stm32l4xx_hal_spi.o
 .debug_aranges
                0x0000000000000a60      0x210 Drivers/STM32L4xx_HAL_Driver/Src/stm32l4xx_hal_uart.o
 .debug_aranges
                0x0000000000000c70       0x60 Drivers/STM32L4xx_HAL_Driver/Src/stm32l4xx_hal_uart_ex.o
 .debug_aranges
                0x0000000000000cd0       0x28 FATFS/App/fatfs.o
 .debug_aranges
                0x0000000000000cf8       0x40 FATFS/Target/user_diskio.o
 .debug_aranges
                0x0000000000000d38       0x48 Middlewares/Third_Party/FatFs/src/diskio.o
 .debug_aranges
                0x0000000000000d80      0x230 Middlewares/Third_Party/FatFs/src/ff.o
 .debug_aranges
                0x0000000000000fb0       0x40 Middlewares/Third_Party/FatFs/src/ff_gen_drv.o
 .debug_aranges
                0x0000000000000ff0       0x28 Middlewares/Third_Party/FatFs/src/option/ccsbcs.o

.debug_ranges   0x0000000000000000      0xea0
 .debug_ranges  0x0000000000000000       0x90 Core/Src/fatfs_sd.o
 .debug_ranges  0x0000000000000090       0x58 Core/Src/main.o
 .debug_ranges  0x00000000000000e8       0x30 Core/Src/stm32l4xx_hal_msp.o
 .debug_ranges  0x0000000000000118       0x58 Core/Src/stm32l4xx_it.o
 .debug_ranges  0x0000000000000170       0x98 Core/Src/syscalls.o
 .debug_ranges  0x0000000000000208       0x10 Core/Src/sysmem.o
 .debug_ranges  0x0000000000000218       0x18 Core/Src/system_stm32l4xx.o
 .debug_ranges  0x0000000000000230       0x20 Core/Startup/startup_stm32l433ccux.o
 .debug_ranges  0x0000000000000250      0x120 Drivers/STM32L4xx_HAL_Driver/Src/stm32l4xx_hal.o
 .debug_ranges  0x0000000000000370      0x108 Drivers/STM32L4xx_HAL_Driver/Src/stm32l4xx_hal_cortex.o
 .debug_ranges  0x0000000000000478       0x70 Drivers/STM32L4xx_HAL_Driver/Src/stm32l4xx_hal_dma.o
 .debug_ranges  0x00000000000004e8       0x48 Drivers/STM32L4xx_HAL_Driver/Src/stm32l4xx_hal_gpio.o
 .debug_ranges  0x0000000000000530      0x118 Drivers/STM32L4xx_HAL_Driver/Src/stm32l4xx_hal_pwr_ex.o
 .debug_ranges  0x0000000000000648       0x78 Drivers/STM32L4xx_HAL_Driver/Src/stm32l4xx_hal_rcc.o
 .debug_ranges  0x00000000000006c0       0xe0 Drivers/STM32L4xx_HAL_Driver/Src/stm32l4xx_hal_rcc_ex.o
 .debug_ranges  0x00000000000007a0      0x1c8 Drivers/STM32L4xx_HAL_Driver/Src/stm32l4xx_hal_spi.o
 .debug_ranges  0x0000000000000968      0x200 Drivers/STM32L4xx_HAL_Driver/Src/stm32l4xx_hal_uart.o
 .debug_ranges  0x0000000000000b68       0x50 Drivers/STM32L4xx_HAL_Driver/Src/stm32l4xx_hal_uart_ex.o
 .debug_ranges  0x0000000000000bb8       0x18 FATFS/App/fatfs.o
 .debug_ranges  0x0000000000000bd0       0x30 FATFS/Target/user_diskio.o
 .debug_ranges  0x0000000000000c00       0x38 Middlewares/Third_Party/FatFs/src/diskio.o
 .debug_ranges  0x0000000000000c38      0x220 Middlewares/Third_Party/FatFs/src/ff.o
 .debug_ranges  0x0000000000000e58       0x30 Middlewares/Third_Party/FatFs/src/ff_gen_drv.o
 .debug_ranges  0x0000000000000e88       0x18 Middlewares/Third_Party/FatFs/src/option/ccsbcs.o

.debug_macro    0x0000000000000000    0x25018
 .debug_macro   0x0000000000000000      0x229 Core/Src/fatfs_sd.o
 .debug_macro   0x0000000000000229      0xa5a Core/Src/fatfs_sd.o
 .debug_macro   0x0000000000000c83       0xc0 Core/Src/fatfs_sd.o
 .debug_macro   0x0000000000000d43       0x2e Core/Src/fatfs_sd.o
 .debug_macro   0x0000000000000d71       0x28 Core/Src/fatfs_sd.o
 .debug_macro   0x0000000000000d99       0x22 Core/Src/fatfs_sd.o
 .debug_macro   0x0000000000000dbb       0x8e Core/Src/fatfs_sd.o
 .debug_macro   0x0000000000000e49       0x51 Core/Src/fatfs_sd.o
 .debug_macro   0x0000000000000e9a       0xef Core/Src/fatfs_sd.o
 .debug_macro   0x0000000000000f89       0x6a Core/Src/fatfs_sd.o
 .debug_macro   0x0000000000000ff3      0x1df Core/Src/fatfs_sd.o
 .debug_macro   0x00000000000011d2       0x1c Core/Src/fatfs_sd.o
 .debug_macro   0x00000000000011ee       0x22 Core/Src/fatfs_sd.o
 .debug_macro   0x0000000000001210       0xdf Core/Src/fatfs_sd.o
 .debug_macro   0x00000000000012ef     0x102d Core/Src/fatfs_sd.o
 .debug_macro   0x000000000000231c      0x11f Core/Src/fatfs_sd.o
 .debug_macro   0x000000000000243b    0x16122 Core/Src/fatfs_sd.o
 .debug_macro   0x000000000001855d       0x43 Core/Src/fatfs_sd.o
 .debug_macro   0x00000000000185a0     0x3890 Core/Src/fatfs_sd.o
 .debug_macro   0x000000000001be30      0x174 Core/Src/fatfs_sd.o
 .debug_macro   0x000000000001bfa4       0x5c Core/Src/fatfs_sd.o
 .debug_macro   0x000000000001c000     0x1375 Core/Src/fatfs_sd.o
 .debug_macro   0x000000000001d375      0x5d6 Core/Src/fatfs_sd.o
 .debug_macro   0x000000000001d94b      0x241 Core/Src/fatfs_sd.o
 .debug_macro   0x000000000001db8c      0x13d Core/Src/fatfs_sd.o
 .debug_macro   0x000000000001dcc9      0x130 Core/Src/fatfs_sd.o
 .debug_macro   0x000000000001ddf9      0x26b Core/Src/fatfs_sd.o
 .debug_macro   0x000000000001e064      0x23d Core/Src/fatfs_sd.o
 .debug_macro   0x000000000001e2a1      0x375 Core/Src/fatfs_sd.o
 .debug_macro   0x000000000001e616       0xd6 Core/Src/fatfs_sd.o
 .debug_macro   0x000000000001e6ec      0x22c Core/Src/fatfs_sd.o
 .debug_macro   0x000000000001e918       0x5e Core/Src/fatfs_sd.o
 .debug_macro   0x000000000001e976       0xa5 Core/Src/fatfs_sd.o
 .debug_macro   0x000000000001ea1b      0x122 Core/Src/fatfs_sd.o
 .debug_macro   0x000000000001eb3d      0x365 Core/Src/fatfs_sd.o
 .debug_macro   0x000000000001eea2      0x2fe Core/Src/fatfs_sd.o
 .debug_macro   0x000000000001f1a0      0x59e Core/Src/fatfs_sd.o
 .debug_macro   0x000000000001f73e       0x44 Core/Src/fatfs_sd.o
 .debug_macro   0x000000000001f782      0x287 Core/Src/fatfs_sd.o
 .debug_macro   0x000000000001fa09       0x16 Core/Src/fatfs_sd.o
 .debug_macro   0x000000000001fa1f       0x7c Core/Src/fatfs_sd.o
 .debug_macro   0x000000000001fa9b       0x6a Core/Src/fatfs_sd.o
 .debug_macro   0x000000000001fb05      0x40a Core/Src/main.o
 .debug_macro   0x000000000001ff0f       0xeb Core/Src/main.o
 .debug_macro   0x000000000001fffa       0x18 Core/Src/main.o
 .debug_macro   0x0000000000020012       0x46 Core/Src/main.o
 .debug_macro   0x0000000000020058       0x3c Core/Src/main.o
 .debug_macro   0x0000000000020094       0x34 Core/Src/main.o
 .debug_macro   0x00000000000200c8       0x16 Core/Src/main.o
 .debug_macro   0x00000000000200de       0x35 Core/Src/main.o
 .debug_macro   0x0000000000020113       0x52 Core/Src/main.o
 .debug_macro   0x0000000000020165       0x1f Core/Src/main.o
 .debug_macro   0x0000000000020184       0x43 Core/Src/main.o
 .debug_macro   0x00000000000201c7       0x20 Core/Src/main.o
 .debug_macro   0x00000000000201e7      0x1a3 Core/Src/main.o
 .debug_macro   0x000000000002038a      0x32a Core/Src/main.o
 .debug_macro   0x00000000000206b4       0x16 Core/Src/main.o
 .debug_macro   0x00000000000206ca       0x29 Core/Src/main.o
 .debug_macro   0x00000000000206f3       0x12 Core/Src/main.o
 .debug_macro   0x0000000000020705       0xe2 Core/Src/main.o
 .debug_macro   0x00000000000207e7       0x8e Core/Src/main.o
 .debug_macro   0x0000000000020875       0x16 Core/Src/main.o
 .debug_macro   0x000000000002088b       0x20 Core/Src/main.o
 .debug_macro   0x00000000000208ab       0x1c Core/Src/main.o
 .debug_macro   0x00000000000208c7       0x10 Core/Src/main.o
 .debug_macro   0x00000000000208d7       0x10 Core/Src/main.o
 .debug_macro   0x00000000000208e7       0x1c Core/Src/main.o
 .debug_macro   0x0000000000020903       0x52 Core/Src/main.o
 .debug_macro   0x0000000000020955       0x40 Core/Src/main.o
 .debug_macro   0x0000000000020995       0x10 Core/Src/main.o
 .debug_macro   0x00000000000209a5       0x40 Core/Src/main.o